 demo_addon

 Timestamp is 6040dc82 (Thu Mar  4 21:11:30 2021)

 Preferred load address is 0000000180000000

 Start         Length     Name                   Class
 0001:00000000 0000ca80H .text$mn                CODE
 0001:0000ca80 00000020H .text$mn$00             CODE
 0001:0000caa0 00000250H .text$x                 CODE
 0002:00000000 00000248H .idata$5                DATA
 0002:00000248 00000010H .00cfg                  DATA
 0002:00000258 00000008H .CRT$XCA                DATA
 0002:00000260 00000008H .CRT$XCU                DATA
 0002:00000268 00000008H .CRT$XCZ                DATA
 0002:00000270 00000008H .CRT$XIA                DATA
 0002:00000278 00000018H .CRT$XIC                DATA
 0002:00000290 00000008H .CRT$XIZ                DATA
 0002:00000298 00000008H .CRT$XPA                DATA
 0002:000002a0 00000010H .CRT$XPX                DATA
 0002:000002b0 00000008H .CRT$XPXA               DATA
 0002:000002b8 00000008H .CRT$XPZ                DATA
 0002:000002c0 00000008H .CRT$XTA                DATA
 0002:000002c8 00000008H .CRT$XTZ                DATA
 0002:000002d0 00000000H .gfids$y                DATA
 0002:000002d0 000074a0H .rdata                  DATA
 0002:00007770 000001f4H .rdata$r                DATA
 0002:00007964 000003c4H .rdata$zzzdbg           DATA
 0002:00007d28 00000008H .rtc$IAA                DATA
 0002:00007d30 00000008H .rtc$IZZ                DATA
 0002:00007d38 00000008H .rtc$TAA                DATA
 0002:00007d40 00000008H .rtc$TZZ                DATA
 0002:00007d48 00000c40H .xdata                  DATA
 0002:00008988 000000ecH .xdata$x                DATA
 0002:00008a74 00000020H .didat$2                DATA
 0002:00008a94 00000024H .didat$3                DATA
 0002:00008ab8 000000c8H .didat$4                DATA
 0002:00008b80 00000240H .didat$6                DATA
 0002:00008dc0 000000d0H .didat$7                DATA
 0002:00008e90 00000058H .edata                  DATA
 0002:00008ee8 00000014H .idata$2                DATA
 0002:00008efc 00000014H .idata$3                DATA
 0002:00008f10 00000248H .idata$4                DATA
 0002:00009158 0000054eH .idata$6                DATA
 0003:00000000 00000a28H .data                   DATA
 0003:00000a28 000000a0H .data$r                 DATA
 0003:00000ac8 000000c8H .didat$5                DATA
 0003:00000b90 00001200H .bss                    DATA
 0004:00000000 00000edcH .pdata                  DATA
 0005:00000000 00000060H .rsrc$01                DATA
 0005:00000060 00000180H .rsrc$02                DATA

  Address         Publics by Value              Rva+Base               Lib:Object

 0000:00000000       __hybrid_code_map_count    0000000000000000     <absolute>
 0000:00000000       __hybrid_code_map          0000000000000000     <absolute>
 0000:00000000       __guard_iat_count          0000000000000000     <absolute>
 0000:00000000       __volatile_metadata        0000000000000000     <absolute>
 0000:00000000       __guard_longjmp_count      0000000000000000     <absolute>
 0000:00000000       __guard_longjmp_table      0000000000000000     <absolute>
 0000:00000000       __guard_iat_table          0000000000000000     <absolute>
 0000:00000000       __guard_fids_count         0000000000000000     <absolute>
 0000:00000000       ___safe_se_handler_count   0000000000000000     <absolute>
 0000:00000000       __enclave_config           0000000000000000     <absolute>
 0000:00000000       ___safe_se_handler_table   0000000000000000     <absolute>
 0000:00000000       __guard_fids_table         0000000000000000     <absolute>
 0000:00000000       __hybrid_auxiliary_iat     0000000000000000     <absolute>
 0000:00000000       __dynamic_value_reloc_table 0000000000000000     <absolute>
 0000:00000100       __guard_flags              0000000000000100     <absolute>
 0000:00000000       __ImageBase                0000000180000000     <linker-defined>
 0001:00000040       ?New@Error@Napi@@SA?AV12@PEAUnapi_env__@@@Z 0000000180001040 f i demo.obj
 0001:00000210       ?ThrowAsJavaScriptException@Error@Napi@@QEBAXXZ 0000000180001210 f i demo.obj
 0001:00000400       ??0CallbackInfo@Napi@@QEAA@PEAUnapi_env__@@PEAUnapi_callback_info__@@@Z 0000000180001400 f i demo.obj
 0001:000005d0       ??ACallbackInfo@Napi@@QEBA?BVValue@1@_K@Z 00000001800015d0 f i demo.obj
 0001:000006f0       ?SumWrapped@@YA?AVNumber@Napi@@AEBVCallbackInfo@2@@Z 00000001800016f0 f   demo.obj
 0001:00000a30       ?Init@@YA?AVObject@Napi@@VEnv@2@V12@@Z 0000000180001a30 f   demo.obj
 0001:00000cb0       ?__napi_Init@@YAPEAUnapi_value__@@PEAUnapi_env__@@PEAU1@@Z 0000000180001cb0 f   demo.obj
 0001:00000d10       ??$New@VTypeError@Napi@@@Error@Napi@@KA?AVTypeError@1@PEAUnapi_env__@@PEBD_KP6A?AW4napi_status@@0PEAUnapi_value__@@3PEAPEAU5@@Z@Z 0000000180001d10 f i demo.obj
 0001:00000ee0       ?Wrapper@?$CallbackData@P6A?AVNumber@Napi@@AEBVCallbackInfo@2@@ZV12@@details@Napi@@SAPEAUnapi_value__@@PEAUnapi_env__@@PEAUnapi_callback_info__@@@Z 0000000180001ee0 f i demo.obj
 0001:00000f4d       __imp_load_napi_create_function 0000000180001f4d f   node:node.exe
 0001:00000f59       __tailMerge_node_exe       0000000180001f59     node:node.exe
 0001:00000fd2       __imp_load_napi_open_handle_scope 0000000180001fd2 f   node:node.exe
 0001:00000fde       __imp_load_napi_get_last_error_info 0000000180001fde f   node:node.exe
 0001:00000fea       __imp_load_napi_create_error 0000000180001fea f   node:node.exe
 0001:00000ff6       __imp_load_napi_delete_reference 0000000180001ff6 f   node:node.exe
 0001:00001002       __imp_load_napi_fatal_error 0000000180002002 f   node:node.exe
 0001:0000100e       __imp_load_napi_is_exception_pending 000000018000200e f   node:node.exe
 0001:0000101a       __imp_load_napi_create_symbol 000000018000201a f   node:node.exe
 0001:00001026       __imp_load_napi_create_type_error 0000000180002026 f   node:node.exe
 0001:00001032       __imp_load_napi_create_external 0000000180002032 f   node:node.exe
 0001:0000103e       __imp_load_napi_create_string_utf8 000000018000203e f   node:node.exe
 0001:0000104a       __imp_load_napi_module_register 000000018000204a f   node:node.exe
 0001:00001056       __imp_load_napi_set_named_property 0000000180002056 f   node:node.exe
 0001:00001062       __imp_load_napi_define_properties 0000000180002062 f   node:node.exe
 0001:0000106e       __imp_load_napi_typeof     000000018000206e f   node:node.exe
 0001:0000107a       __imp_load_napi_throw      000000018000207a f   node:node.exe
 0001:00001086       __imp_load_napi_get_value_int32 0000000180002086 f   node:node.exe
 0001:00001092       __imp_load_napi_get_and_clear_last_exception 0000000180002092 f   node:node.exe
 0001:0000109e       __imp_load_napi_get_undefined 000000018000209e f   node:node.exe
 0001:000010aa       __imp_load_napi_get_cb_info 00000001800020aa f   node:node.exe
 0001:000010b6       __imp_load_napi_create_reference 00000001800020b6 f   node:node.exe
 0001:000010c2       __imp_load_napi_close_handle_scope 00000001800020c2 f   node:node.exe
 0001:000010ce       __imp_load_napi_create_double 00000001800020ce f   node:node.exe
 0001:000010da       __imp_load_napi_get_reference_value 00000001800020da f   node:node.exe
 0001:00001100       __security_check_cookie    0000000180002100 f   LIBCMT:amdsecgs.obj
 0001:00001124       ??_V@YAXPEAX@Z             0000000180002124 f   LIBCMT:delete_array.obj
 0001:00001124       ??3@YAXPEAX_K@Z            0000000180002124 f   LIBCMT:delete_scalar_size.obj
 0001:0000112c       ??2@YAPEAX_K@Z             000000018000212c f   LIBCMT:new_scalar.obj
 0001:00001168       ??_U@YAPEAX_K@Z            0000000180002168 f   LIBCMT:new_array.obj
 0001:000014a0       _DllMainCRTStartup         00000001800024a0 f   LIBCMT:dll_dllmain.obj
 0001:000014e0       __raise_securityfailure    00000001800024e0 f   LIBCMT:gs_report.obj
 0001:00001514       __report_gsfailure         0000000180002514 f   LIBCMT:gs_report.obj
 0001:000015e8       __report_rangecheckfailure 00000001800025e8 f   LIBCMT:gs_report.obj
 0001:000015fc       __report_securityfailure   00000001800025fc f   LIBCMT:gs_report.obj
 0001:0000177c       ??3@YAXPEAX@Z              000000018000277c f   LIBCMT:delete_scalar.obj
 0001:00001784       ??0bad_alloc@std@@QEAA@AEBV01@@Z 0000000180002784 f i LIBCMT:throw_bad_alloc.obj
 0001:000017c4       ??0bad_alloc@std@@QEAA@XZ  00000001800027c4 f i LIBCMT:throw_bad_alloc.obj
 0001:000017e4       ??0bad_array_new_length@std@@QEAA@AEBV01@@Z 00000001800027e4 f i LIBCMT:throw_bad_alloc.obj
 0001:00001824       ??0bad_array_new_length@std@@QEAA@XZ 0000000180002824 f i LIBCMT:throw_bad_alloc.obj
 0001:00001844       ??0exception@std@@QEAA@AEBV01@@Z 0000000180002844 f i LIBCMT:throw_bad_alloc.obj
 0001:0000187c       ??1bad_alloc@std@@UEAA@XZ  000000018000287c f i LIBCMT:throw_bad_alloc.obj
 0001:0000187c       ??1bad_array_new_length@std@@UEAA@XZ 000000018000287c f i LIBCMT:throw_bad_alloc.obj
 0001:00001890       ??_Gbad_array_new_length@std@@UEAAPEAXI@Z 0000000180002890 f i LIBCMT:throw_bad_alloc.obj
 0001:00001890       ??_Ebad_alloc@std@@UEAAPEAXI@Z 0000000180002890 f i LIBCMT:throw_bad_alloc.obj
 0001:00001890       ??_Eexception@std@@UEAAPEAXI@Z 0000000180002890 f i LIBCMT:throw_bad_alloc.obj
 0001:00001890       ??_Gbad_alloc@std@@UEAAPEAXI@Z 0000000180002890 f i LIBCMT:throw_bad_alloc.obj
 0001:00001890       ??_Gexception@std@@UEAAPEAXI@Z 0000000180002890 f i LIBCMT:throw_bad_alloc.obj
 0001:00001890       ??_Ebad_array_new_length@std@@UEAAPEAXI@Z 0000000180002890 f i LIBCMT:throw_bad_alloc.obj
 0001:000018d4       ?__scrt_throw_std_bad_alloc@@YAXXZ 00000001800028d4 f   LIBCMT:throw_bad_alloc.obj
 0001:000018f4       ?__scrt_throw_std_bad_array_new_length@@YAXXZ 00000001800028f4 f   LIBCMT:throw_bad_alloc.obj
 0001:00001914       ?what@exception@std@@UEBAPEBDXZ 0000000180002914 f i LIBCMT:throw_bad_alloc.obj
 0001:00001928       __security_init_cookie     0000000180002928 f   LIBCMT:gs_support.obj
 0001:000019d4       _get_startup_argv_mode     00000001800029d4 f   LIBCMT:argv_mode.obj
 0001:000019d4       DllMain                    00000001800029d4 f   LIBCMT:dll_dllmain_stub.obj
 0001:000019dc       ?__scrt_initialize_type_info@@YAXXZ 00000001800029dc f   LIBCMT:tncleanup.obj
 0001:000019ec       ?__scrt_uninitialize_type_info@@YAXXZ 00000001800029ec f   LIBCMT:tncleanup.obj
 0001:000019f8       __local_stdio_printf_options 00000001800029f8 f i LIBCMT:default_local_stdio_options.obj
 0001:00001a00       __local_stdio_scanf_options 0000000180002a00 f i LIBCMT:default_local_stdio_options.obj
 0001:00001a08       __scrt_initialize_default_local_stdio_options 0000000180002a08 f   LIBCMT:default_local_stdio_options.obj
 0001:00001a24       __scrt_acquire_startup_lock 0000000180002a24 f   LIBCMT:utility.obj
 0001:00001a60       __scrt_dllmain_after_initialize_c 0000000180002a60 f   LIBCMT:utility.obj
 0001:00001a94       __scrt_dllmain_before_initialize_c 0000000180002a94 f   LIBCMT:utility.obj
 0001:00001aac       __scrt_dllmain_crt_thread_attach 0000000180002aac f   LIBCMT:utility.obj
 0001:00001ad4       __scrt_dllmain_crt_thread_detach 0000000180002ad4 f   LIBCMT:utility.obj
 0001:00001aec       __scrt_dllmain_exception_filter 0000000180002aec f   LIBCMT:utility.obj
 0001:00001b4c       __scrt_dllmain_uninitialize_c 0000000180002b4c f   LIBCMT:utility.obj
 0001:00001b7c       __scrt_dllmain_uninitialize_critical 0000000180002b7c f   LIBCMT:utility.obj
 0001:00001b90       __scrt_initialize_crt      0000000180002b90 f   LIBCMT:utility.obj
 0001:00001bdc       __scrt_initialize_onexit_tables 0000000180002bdc f   LIBCMT:utility.obj
 0001:00001cb4       __scrt_is_nonwritable_in_current_image 0000000180002cb4 f   LIBCMT:utility.obj
 0001:00001d50       __scrt_release_startup_lock 0000000180002d50 f   LIBCMT:utility.obj
 0001:00001d74       __scrt_uninitialize_crt    0000000180002d74 f   LIBCMT:utility.obj
 0001:00001da0       __scrt_get_dyn_tls_init_callback 0000000180002da0 f   LIBCMT:dyn_tls_init.obj
 0001:00001da8       __crt_debugger_hook        0000000180002da8 f   LIBCMT:utility_desktop.obj
 0001:00001db0       __scrt_fastfail            0000000180002db0 f   LIBCMT:utility_desktop.obj
 0001:00001efc       _RTC_Initialize            0000000180002efc f   LIBCMT:initsect.obj
 0001:00001f38       _RTC_Terminate             0000000180002f38 f   LIBCMT:initsect.obj
 0001:00001f74       _guard_check_icall_nop     0000000180002f74 f i LIBCMT:guard_support.obj
 0001:00001f78       ??_Etype_info@@UEAAPEAXI@Z 0000000180002f78 f i LIBCMT:std_type_info_static.obj
 0001:00001f78       ??_Gtype_info@@UEAAPEAXI@Z 0000000180002f78 f i LIBCMT:std_type_info_static.obj
 0001:00001fa4       __isa_available_init       0000000180002fa4 f   LIBCMT:cpu_disp.obj
 0001:00002120       __scrt_is_ucrt_dll_in_use  0000000180003120 f   LIBCMT:ucrt_detection.obj
 0001:00002130       __C_specific_handler       0000000180003130 f   libvcruntime:riscchandler.obj
 0001:0000233c       __std_exception_copy       000000018000333c f   libvcruntime:std_exception.obj
 0001:000023cc       __std_exception_destroy    00000001800033cc f   libvcruntime:std_exception.obj
 0001:000023f4       _CxxThrowException         00000001800033f4 f   libvcruntime:throw.obj
 0001:000024b4       __std_type_info_destroy_list 00000001800034b4 f   libvcruntime:std_type_info.obj
 0001:000024e0       __vcrt_initialize          00000001800034e0 f   libvcruntime:initialization.obj
 0001:00002514       __vcrt_thread_attach       0000000180003514 f   libvcruntime:initialization.obj
 0001:00002528       __vcrt_thread_detach       0000000180003528 f   libvcruntime:initialization.obj
 0001:0000253c       __vcrt_uninitialize        000000018000353c f   libvcruntime:initialization.obj
 0001:0000255c       __vcrt_uninitialize_critical 000000018000355c f   libvcruntime:initialization.obj
 0001:00002580       memset_repmovs             0000000180003580 f   libvcruntime:memset.obj
 0001:000025a0       memset                     00000001800035a0 f   libvcruntime:memset.obj
 0001:00002740       _NLG_Notify                0000000180003740 f   libvcruntime:notify.obj
 0001:00002760       __NLG_Dispatch2            0000000180003760 f   libvcruntime:notify.obj
 0001:00002770       __NLG_Return2              0000000180003770 f   libvcruntime:notify.obj
 0001:00002774       __except_validate_context_record 0000000180003774 f   libvcruntime:jbcxrval.obj
 0001:000027ac       __DestructExceptionObject  00000001800037ac f   libvcruntime:ehhelpers.obj
 0001:00002820       ?_CallMemberFunction0@@YAXQEAX0@Z 0000000180003820 f i libvcruntime:ehhelpers.obj
 0001:00002824       __vcrt_freefls             0000000180003824 f   libvcruntime:per_thread_data.obj
 0001:00002844       __vcrt_freeptd             0000000180003844 f   libvcruntime:per_thread_data.obj
 0001:00002894       __vcrt_getptd_noexit       0000000180003894 f   libvcruntime:per_thread_data.obj
 0001:00002960       __vcrt_initialize_ptd      0000000180003960 f   libvcruntime:per_thread_data.obj
 0001:000029b4       __vcrt_uninitialize_ptd    00000001800039b4 f   libvcruntime:per_thread_data.obj
 0001:000029d8       __vcrt_initialize_locks    00000001800039d8 f   libvcruntime:locks.obj
 0001:00002a20       __vcrt_uninitialize_locks  0000000180003a20 f   libvcruntime:locks.obj
 0001:00002c30       __vcrt_FlsAlloc            0000000180003c30 f   libvcruntime:winapi_downlevel.obj
 0001:00002c78       __vcrt_FlsFree             0000000180003c78 f   libvcruntime:winapi_downlevel.obj
 0001:00002cc0       __vcrt_FlsGetValue         0000000180003cc0 f   libvcruntime:winapi_downlevel.obj
 0001:00002d08       __vcrt_FlsSetValue         0000000180003d08 f   libvcruntime:winapi_downlevel.obj
 0001:00002d5c       __vcrt_InitializeCriticalSectionEx 0000000180003d5c f   libvcruntime:winapi_downlevel.obj
 0001:00002dc0       __vcrt_initialize_winapi_thunks 0000000180003dc0 f   libvcruntime:winapi_downlevel.obj
 0001:00002df0       __vcrt_uninitialize_winapi_thunks 0000000180003df0 f   libvcruntime:winapi_downlevel.obj
 0001:00002e30       __vcrt_initialize_pure_virtual_call_handler 0000000180003e30 f   libvcruntime:purevirt_data.obj
 0001:00002e50       memcpy_repmovs             0000000180003e50 f   libvcruntime:memcpy.obj
 0001:00002e70       memmove                    0000000180003e70 f   libvcruntime:memcpy.obj
 0001:00002e70       memcpy                     0000000180003e70 f   libvcruntime:memcpy.obj
 0001:000032b0       _CallSettingFrame          00000001800042b0 f   libvcruntime:handlers.obj
 0001:00003300       _CallSettingFrameEncoded   0000000180004300 f   libvcruntime:handlers.obj
 0001:00003348       ??0_LocaleUpdate@@QEAA@QEAU__crt_locale_pointers@@@Z 0000000180004348 f i libucrt:stricmp.obj
 0001:000033e4       __ascii_stricmp            00000001800043e4 f   libucrt:stricmp.obj
 0001:00003424       _stricmp                   0000000180004424 f   libucrt:stricmp.obj
 0001:0000346c       _stricmp_l                 000000018000446c f   libucrt:stricmp.obj
 0001:00003520       __acrt_call_reportfault    0000000180004520 f   libucrt:invalid_parameter.obj
 0001:0000367c       __acrt_initialize_invalid_parameter_handler 000000018000467c f   libucrt:invalid_parameter.obj
 0001:00003684       _invalid_parameter         0000000180004684 f   libucrt:invalid_parameter.obj
 0001:00003734       _invalid_parameter_noinfo  0000000180004734 f   libucrt:invalid_parameter.obj
 0001:00003754       _invalid_parameter_noinfo_noreturn 0000000180004754 f   libucrt:invalid_parameter.obj
 0001:00003784       _invoke_watson             0000000180004784 f   libucrt:invalid_parameter.obj
 0001:000037cc       __acrt_initialize_new_handler 00000001800047cc f   libucrt:new_handler.obj
 0001:000037d4       _callnewh                  00000001800047d4 f   libucrt:new_handler.obj
 0001:00003804       _query_new_handler         0000000180004804 f   libucrt:new_handler.obj
 0001:00003838       malloc                     0000000180004838 f   libucrt:malloc.obj
 0001:00003840       _initterm                  0000000180004840 f   libucrt:initterm.obj
 0001:000038a4       _initterm_e                00000001800048a4 f   libucrt:initterm.obj
 0001:000038e4       free                       00000001800048e4 f   libucrt:free.obj
 0001:000038f8       _seh_filter_dll            00000001800048f8 f   libucrt:exception_filter.obj
 0001:0000390c       _seh_filter_exe            000000018000490c f   libucrt:exception_filter.obj
 0001:00003cfc       __acrt_initialize_thread_local_exit_callback 0000000180004cfc f   libucrt:exit.obj
 0001:00003d04       _cexit                     0000000180004d04 f   libucrt:exit.obj
 0001:00003d14       _exit                      0000000180004d14 f   libucrt:exit.obj
 0001:00003d20       _is_c_termination_complete 0000000180004d20 f   libucrt:exit.obj
 0001:00003eec       __acrt_allocate_buffer_for_argv 0000000180004eec f   libucrt:argv_parsing.obj
 0001:00003f4c       _configure_narrow_argv     0000000180004f4c f   libucrt:argv_parsing.obj
 0001:000042c4       __dcrt_uninitialize_environments_nolock 00000001800052c4 f   libucrt:environment_initialization.obj
 0001:000042fc       _initialize_narrow_environment 00000001800052fc f   libucrt:environment_initialization.obj
 0001:00004458       _execute_onexit_table      0000000180005458 f   libucrt:onexit.obj
 0001:00004494       _initialize_onexit_table   0000000180005494 f   libucrt:onexit.obj
 0001:000044f4       __acrt_uninitialize_command_line 00000001800054f4 f   libucrt:argv_data.obj
 0001:000045ec       __acrt_initialize          00000001800055ec f   libucrt:initialization.obj
 0001:00004600       __acrt_thread_attach       0000000180005600 f   libucrt:initialization.obj
 0001:00004614       __acrt_thread_detach       0000000180005614 f   libucrt:initialization.obj
 0001:00004624       __acrt_uninitialize        0000000180005624 f   libucrt:initialization.obj
 0001:0000465c       __acrt_uninitialize_critical 000000018000565c f   libucrt:initialization.obj
 0001:0000466c       terminate                  000000018000566c f   libucrt:terminate.obj
 0001:0000468c       strcpy_s                   000000018000568c f   libucrt:strcpy_s.obj
 0001:00004700       strncmp                    0000000180005700 f   libucrt:strncmp.obj
 0001:00004780       abort                      0000000180005780 f   libucrt:abort.obj
 0001:000047d8       calloc                     00000001800057d8 f   libucrt:calloc.obj
 0001:000047e0       wcsncmp                    00000001800057e0 f   libucrt:wcsncmp.obj
 0001:0000486c       _tolower_l                 000000018000586c f   libucrt:tolower_toupper.obj
 0001:000049ac       __acrt_errno_from_os_error 00000001800059ac f   libucrt:errno.obj
 0001:000049f4       __acrt_errno_map_os_error  00000001800059f4 f   libucrt:errno.obj
 0001:00004a44       __doserrno                 0000000180005a44 f   libucrt:errno.obj
 0001:00004a64       _errno                     0000000180005a64 f   libucrt:errno.obj
 0001:00004dfc       __acrt_freeptd             0000000180005dfc f   libucrt:per_thread_data.obj
 0001:00004e40       __acrt_getptd              0000000180005e40 f   libucrt:per_thread_data.obj
 0001:00004f14       __acrt_getptd_head         0000000180005f14 f   libucrt:per_thread_data.obj
 0001:00004fbc       __acrt_getptd_noexit       0000000180005fbc f   libucrt:per_thread_data.obj
 0001:00005088       __acrt_initialize_ptd      0000000180006088 f   libucrt:per_thread_data.obj
 0001:000050c4       __acrt_uninitialize_ptd    00000001800060c4 f   libucrt:per_thread_data.obj
 0001:000050e8       __acrt_update_locale_info  00000001800060e8 f   libucrt:locale_update.obj
 0001:0000511c       __acrt_update_multibyte_info 000000018000611c f   libucrt:locale_update.obj
 0001:000051c0       __acrt_set_locale_changed  00000001800061c0 f   libucrt:wsetlocale.obj
 0001:000051cc       __acrt_uninitialize_locale 00000001800061cc f   libucrt:wsetlocale.obj
 0001:000051fc       __acrt_initialize_locks    00000001800061fc f   libucrt:locks.obj
 0001:00005244       __acrt_lock                0000000180006244 f   libucrt:locks.obj
 0001:00005260       __acrt_uninitialize_locks  0000000180006260 f   libucrt:locks.obj
 0001:00005298       __acrt_unlock              0000000180006298 f   libucrt:locks.obj
 0001:000052b4       _malloc_base               00000001800062b4 f   libucrt:malloc_base.obj
 0001:00005314       _free_base                 0000000180006314 f   libucrt:free_base.obj
 0001:00005354       __acrt_get_process_end_policy 0000000180006354 f   libucrt:win_policies.obj
 0001:00005390       _calloc_base               0000000180006390 f   libucrt:calloc_base.obj
 0001:0000541c       ??$__acrt_mbs_to_wcs_cp@U__crt_win32_buffer_internal_dynamic_resizing@@@@YAHQEBDAEAV?$__crt_win32_buffer@_WU__crt_win32_buffer_internal_dynamic_resizing@@@@I@Z 000000018000641c f i libucrt:argv_wildcards.obj
 0001:00005594       ??$__acrt_wcs_to_mbs_cp@U__crt_win32_buffer_internal_dynamic_resizing@@@@YAHQEB_WAEAV?$__crt_win32_buffer@DU__crt_win32_buffer_internal_dynamic_resizing@@@@I@Z 0000000180006594 f i libucrt:argv_wildcards.obj
 0001:00005dc4       __acrt_expand_narrow_argv_wildcards 0000000180006dc4 f   libucrt:argv_wildcards.obj
 0001:00005dcc       ??$__acrt_wcs_to_mbs_cp@U__crt_win32_buffer_no_resizing@@@@YAHQEB_WAEAV?$__crt_win32_buffer@DU__crt_win32_buffer_no_resizing@@@@I@Z 0000000180006dcc f i libucrt:getmodulefilenamea.obj
 0001:00005ee0       __acrt_GetModuleFileNameA  0000000180006ee0 f   libucrt:getmodulefilenamea.obj
 0001:0000672c       __acrt_initialize_multibyte 000000018000772c f   libucrt:mbctype.obj
 0001:0000678c       __acrt_update_thread_multibyte_data 000000018000778c f   libucrt:mbctype.obj
 0001:000067a8       _setmbcp_nolock            00000001800077a8 f   libucrt:mbctype.obj
 0001:00006adc       _ismbblead                 0000000180007adc f   libucrt:ismbbyte.obj
 0001:00006af0       __acrt_initialize_command_line 0000000180007af0 f   libucrt:argv_data.obj
 0001:00006b18       __acrt_MultiByteToWideChar 0000000180007b18 f   libucrt:multibytetowidechar.obj
 0001:00006b74       __acrt_WideCharToMultiByte 0000000180007b74 f   libucrt:widechartomultibyte.obj
 0001:00006c0c       __dcrt_get_narrow_environment_from_os 0000000180007c0c f   libucrt:get_environment_from_os.obj
 0001:00006d10       _recalloc_base             0000000180007d10 f   libucrt:recalloc.obj
 0001:00006f80       __acrt_AppPolicyGetProcessTerminationMethodInternal 0000000180007f80 f   libucrt:winapi_thunks.obj
 0001:00006fd0       __acrt_AreFileApisANSI     0000000180007fd0 f   libucrt:winapi_thunks.obj
 0001:0000700c       __acrt_FlsAlloc            000000018000800c f   libucrt:winapi_thunks.obj
 0001:00007054       __acrt_FlsFree             0000000180008054 f   libucrt:winapi_thunks.obj
 0001:0000709c       __acrt_FlsGetValue         000000018000809c f   libucrt:winapi_thunks.obj
 0001:000070e4       __acrt_FlsSetValue         00000001800080e4 f   libucrt:winapi_thunks.obj
 0001:00007138       __acrt_InitializeCriticalSectionEx 0000000180008138 f   libucrt:winapi_thunks.obj
 0001:0000719c       __acrt_LCMapStringEx       000000018000819c f   libucrt:winapi_thunks.obj
 0001:00007278       __acrt_LocaleNameToLCID    0000000180008278 f   libucrt:winapi_thunks.obj
 0001:000072c8       __acrt_initialize_winapi_thunks 00000001800082c8 f   libucrt:winapi_thunks.obj
 0001:000072fc       __acrt_uninitialize_winapi_thunks 00000001800082fc f   libucrt:winapi_thunks.obj
 0001:00007340       __acrt_initialize_heap     0000000180008340 f   libucrt:heap_handle.obj
 0001:0000735c       __acrt_uninitialize_heap   000000018000835c f   libucrt:heap_handle.obj
 0001:00007564       __acrt_initialize_lowio    0000000180008564 f   libucrt:ioinit.obj
 0001:000075a0       __acrt_uninitialize_lowio  00000001800085a0 f   libucrt:ioinit.obj
 0001:000075e0       __acrt_execute_initializers 00000001800085e0 f   libucrt:shared_initialization.obj
 0001:00007660       __acrt_execute_uninitializers 0000000180008660 f   libucrt:shared_initialization.obj
 0001:000076e4       __acrt_get_sigabrt_handler 00000001800086e4 f   libucrt:signal.obj
 0001:00007714       __acrt_initialize_signal_handlers 0000000180008714 f   libucrt:signal.obj
 0001:00007734       raise                      0000000180008734 f   libucrt:signal.obj
 0001:000079a0       __acrt_has_user_matherr    00000001800089a0 f   libucrt:matherr.obj
 0001:000079c0       __acrt_initialize_user_matherr 00000001800089c0 f   libucrt:matherr.obj
 0001:000079c8       __acrt_invoke_user_matherr 00000001800089c8 f   libucrt:matherr.obj
 0001:00007bd4       __acrt_stdio_flush_nolock  0000000180008bd4 f   libucrt:fflush.obj
 0001:00007c50       _fflush_nolock             0000000180008c50 f   libucrt:fflush.obj
 0001:00007c9c       _flushall                  0000000180008c9c f   libucrt:fflush.obj
 0001:00007ca4       __acrt_initialize_stdio    0000000180008ca4 f   libucrt:_file.obj
 0001:00007dc4       __acrt_uninitialize_stdio  0000000180008dc4 f   libucrt:_file.obj
 0001:00007e20       _lock_file                 0000000180008e20 f   libucrt:_file.obj
 0001:00007e2c       _unlock_file               0000000180008e2c f   libucrt:_file.obj
 0001:00007e38       _mbtowc_l                  0000000180008e38 f   libucrt:mbtowc.obj
 0001:00007fb4       mbtowc                     0000000180008fb4 f   libucrt:mbtowc.obj
 0001:00007fbc       _fileno                    0000000180008fbc f   libucrt:fileno.obj
 0001:00007fe4       __pctype_func              0000000180008fe4 f   libucrt:ctype.obj
 0001:00008014       _isctype_l                 0000000180009014 f   libucrt:isctype.obj
 0001:00008124       _isleadbyte_l              0000000180009124 f i libucrt:_wctype.obj
 0001:00008488       __acrt_LCMapStringA        0000000180009488 f   libucrt:lcmapstringa.obj
 0001:00008520       __acrt_add_locale_ref      0000000180009520 f   libucrt:locale_refcounting.obj
 0001:000085ac       __acrt_free_locale         00000001800095ac f   libucrt:locale_refcounting.obj
 0001:00008724       __acrt_locale_add_lc_time_reference 0000000180009724 f   libucrt:locale_refcounting.obj
 0001:0000874c       __acrt_locale_free_lc_time_if_unreferenced 000000018000974c f   libucrt:locale_refcounting.obj
 0001:00008784       __acrt_locale_release_lc_time_reference 0000000180009784 f   libucrt:locale_refcounting.obj
 0001:000087ac       __acrt_release_locale_ref  00000001800097ac f   libucrt:locale_refcounting.obj
 0001:00008854       __acrt_update_thread_locale_data 0000000180009854 f   libucrt:locale_refcounting.obj
 0001:000088c4       _updatetlocinfoEx_nolock   00000001800098c4 f   libucrt:locale_refcounting.obj
 0001:0000892c       __acrt_locale_free_monetary 000000018000992c f   libucrt:initmon.obj
 0001:00008a38       __acrt_locale_free_numeric 0000000180009a38 f   libucrt:initnum.obj
 0001:00008afc       __acrt_locale_free_time    0000000180009afc f   libucrt:inittime.obj
 0001:00008c04       __acrt_GetStringTypeA      0000000180009c04 f   libucrt:getstringtypea.obj
 0001:00008d94       _query_new_mode            0000000180009d94 f   libucrt:new_mode.obj
 0001:00008da0       qsort                      0000000180009da0 f   libucrt:qsort.obj
 0001:00009160       strncpy_s                  000000018000a160 f   libucrt:strncpy_s.obj
 0001:000092e0       strpbrk                    000000018000a2e0 f   libucrt:strpbrk.obj
 0001:000096c0       _mbsdec                    000000018000a6c0 f   libucrt:mbsdec.obj
 0001:000096c8       _mbsdec_l                  000000018000a6c8 f   libucrt:mbsdec.obj
 0001:00009774       _msize_base                000000018000a774 f   libucrt:msize.obj
 0001:000097b0       _realloc_base              000000018000a7b0 f   libucrt:realloc_base.obj
 0001:00009914       __acrt_DownlevelLocaleNameToLCID 000000018000a914 f   libucrt:lcidtoname_downlevel.obj
 0001:00009948       __acrt_lowio_create_handle_array 000000018000a948 f   libucrt:osfinfo.obj
 0001:000099f0       __acrt_lowio_destroy_handle_array 000000018000a9f0 f   libucrt:osfinfo.obj
 0001:00009a40       __acrt_lowio_ensure_fh_exists 000000018000aa40 f   libucrt:osfinfo.obj
 0001:00009ae8       __acrt_lowio_lock_fh       000000018000aae8 f   libucrt:osfinfo.obj
 0001:00009b10       __acrt_lowio_unlock_fh     000000018000ab10 f   libucrt:osfinfo.obj
 0001:00009b38       _free_osfhnd               000000018000ab38 f   libucrt:osfinfo.obj
 0001:00009bf4       _get_osfhandle             000000018000abf4 f   libucrt:osfinfo.obj
 0001:00009cf8       _commit                    000000018000acf8 f   libucrt:commit.obj
 0001:0000a5f8       _write                     000000018000b5f8 f   libucrt:write.obj
 0001:0000a6e4       _write_nolock              000000018000b6e4 f   libucrt:write.obj
 0001:0000a9c0       _fcloseall                 000000018000b9c0 f   libucrt:closeall.obj
 0001:0000aa74       __acrt_stdio_free_buffer_nolock 000000018000ba74 f   libucrt:_freebuf.obj
 0001:0000aab4       _isatty                    000000018000bab4 f   libucrt:isatty.obj
 0001:0000ab14       ?__mbrtowc_utf8@__crt_mbstring@@YA_KPEA_WPEBD_KPEAU_Mbstatet@@@Z 000000018000bb14 f   libucrt:mbrtowc.obj
 0001:0000ab50       ?__mbsrtowcs_utf8@__crt_mbstring@@YA_KPEA_WPEAPEBD_KPEAU_Mbstatet@@@Z 000000018000bb50 f   libucrt:mbrtowc.obj
 0001:0000acc8       __strncnt                  000000018000bcc8 f   libucrt:strncnt.obj
 0001:0000ace0       _query_app_type            000000018000bce0 f   libucrt:report_runtime_error.obj
 0001:0000ad84       _lseeki64_nolock           000000018000bd84 f   libucrt:lseek.obj
 0001:0000ad8c       _putwch_nolock             000000018000bd8c f   libucrt:putwch.obj
 0001:0000adc8       _fclose_nolock             000000018000bdc8 f   libucrt:fclose.obj
 0001:0000ae4c       fclose                     000000018000be4c f   libucrt:fclose.obj
 0001:0000aeb0       ?__mbrtoc32_utf8@__crt_mbstring@@YA_KPEA_UPEBD_KPEAU_Mbstatet@@@Z 000000018000beb0 f   libucrt:mbrtoc32.obj
 0001:0000b090       log10                      000000018000c090 f   libucrt:log10.obj
 0001:0000b63c       __dcrt_lowio_ensure_console_output_initialized 000000018000c63c f   libucrt:initcon.obj
 0001:0000b690       __dcrt_terminate_console_output 000000018000c690 f   libucrt:initcon.obj
 0001:0000b6ac       __dcrt_write_console       000000018000c6ac f   libucrt:initcon.obj
 0001:0000b7e0       _close                     000000018000c7e0 f   libucrt:close.obj
 0001:0000b884       _close_nolock              000000018000c884 f   libucrt:close.obj
 0001:0000b944       ?__acrt_stdio_free_stream@@YAXV__crt_stdio_stream@@@Z 000000018000c944 f   libucrt:stream.obj
 0001:0000ba84       _handle_error              000000018000ca84 f   libucrt:libm_error.obj
 0001:0000bbb0       __acrt_initialize_fma3     000000018000cbb0 f   libucrt:fma3_available.obj
 0001:0000bc20       _log10_special             000000018000cc20 f   libucrt:log_special.obj
 0001:0000bcf0       _get_fpsr                  000000018000ccf0 f   libucrt:fpsr.obj
 0001:0000bd00       _set_fpsr                  000000018000cd00 f   libucrt:fpsr.obj
 0001:0000bd0a       _fclrf                     000000018000cd0a f   libucrt:fpsr.obj
 0001:0000bd1e       _frnd                      000000018000cd1e f   libucrt:fpsr.obj
 0001:0000bd40       _raise_exc                 000000018000cd40 f   libucrt:fpexcept.obj
 0001:0000bd68       _raise_exc_ex              000000018000cd68 f   libucrt:fpexcept.obj
 0001:0000c078       _set_errno_from_matherr    000000018000d078 f   libucrt:fpexcept.obj
 0001:0000c0a8       _clrfp                     000000018000d0a8 f   libucrt:fpctrl.obj
 0001:0000c0c8       _ctrlfp                    000000018000d0c8 f   libucrt:fpctrl.obj
 0001:0000c144       _set_statfp                000000018000d144 f   libucrt:fpctrl.obj
 0001:0000c164       _statfp                    000000018000d164 f   libucrt:fpctrl.obj
 0001:0000c175       IsProcessorFeaturePresent  000000018000d175 f   kernel32:KERNEL32.dll
 0001:0000c17c       ?DloadAcquireSectionWriteAccess@@YAXXZ 000000018000d17c f i DelayImp:delayhlp.obj
 0001:0000c228       ?DloadGetSRWLockFunctionPointers@@YAEXZ 000000018000d228 f i DelayImp:delayhlp.obj
 0001:0000c2c4       ?DloadMakePermanentImageCommit@@YAXPEAX_K@Z 000000018000d2c4 f i DelayImp:delayhlp.obj
 0001:0000c35c       ?DloadObtainSection@@YAPEAXPEAK0@Z 000000018000d35c f i DelayImp:delayhlp.obj
 0001:0000c3f8       ?DloadProtectSection@@YAXKPEAK@Z 000000018000d3f8 f i DelayImp:delayhlp.obj
 0001:0000c488       ?DloadReleaseSectionWriteAccess@@YAXXZ 000000018000d488 f i DelayImp:delayhlp.obj
 0001:0000c51c       __delayLoadHelper2         000000018000d51c f   DelayImp:delayhlp.obj
 0001:0000c7e0       _FindPESection             000000018000d7e0 f   LIBCMT:pesect.obj
 0001:0000c830       _IsNonwritableInCurrentImage 000000018000d830 f   LIBCMT:pesect.obj
 0001:0000c880       _ValidateImageBase         000000018000d880 f   LIBCMT:pesect.obj
 0001:0000c8b0       __GSHandlerCheck           000000018000d8b0 f   LIBCMT:gshandler.obj
 0001:0000c8d0       __GSHandlerCheckCommon     000000018000d8d0 f   LIBCMT:gshandler.obj
 0001:0000c940       __chkstk                   000000018000d940 f   LIBCMT:chkstk.obj
 0001:0000c940       _alloca_probe              000000018000d940 f   LIBCMT:chkstk.obj
 0001:0000c9b0       memcmp                     000000018000d9b0 f   libvcruntime:memcmp.obj
 0001:0000ca90       _guard_dispatch_icall_nop  000000018000da90 f   LIBCMT:guard_dispatch.obj
 0002:00000000       __imp_GetModuleHandleA     000000018000e000     kernel32:KERNEL32.dll
 0002:00000008       __imp_LoadLibraryExA       000000018000e008     kernel32:KERNEL32.dll
 0002:00000010       __imp_RtlCaptureContext    000000018000e010     kernel32:KERNEL32.dll
 0002:00000018       __imp_RtlLookupFunctionEntry 000000018000e018     kernel32:KERNEL32.dll
 0002:00000020       __imp_RtlVirtualUnwind     000000018000e020     kernel32:KERNEL32.dll
 0002:00000028       __imp_UnhandledExceptionFilter 000000018000e028     kernel32:KERNEL32.dll
 0002:00000030       __imp_SetUnhandledExceptionFilter 000000018000e030     kernel32:KERNEL32.dll
 0002:00000038       __imp_GetCurrentProcess    000000018000e038     kernel32:KERNEL32.dll
 0002:00000040       __imp_TerminateProcess     000000018000e040     kernel32:KERNEL32.dll
 0002:00000048       __imp_IsProcessorFeaturePresent 000000018000e048     kernel32:KERNEL32.dll
 0002:00000050       __imp_QueryPerformanceCounter 000000018000e050     kernel32:KERNEL32.dll
 0002:00000058       __imp_GetCurrentProcessId  000000018000e058     kernel32:KERNEL32.dll
 0002:00000060       __imp_GetCurrentThreadId   000000018000e060     kernel32:KERNEL32.dll
 0002:00000068       __imp_GetSystemTimeAsFileTime 000000018000e068     kernel32:KERNEL32.dll
 0002:00000070       __imp_InitializeSListHead  000000018000e070     kernel32:KERNEL32.dll
 0002:00000078       __imp_IsDebuggerPresent    000000018000e078     kernel32:KERNEL32.dll
 0002:00000080       __imp_GetStartupInfoW      000000018000e080     kernel32:KERNEL32.dll
 0002:00000088       __imp_GetModuleHandleW     000000018000e088     kernel32:KERNEL32.dll
 0002:00000090       __imp_RtlUnwindEx          000000018000e090     kernel32:KERNEL32.dll
 0002:00000098       __imp_RtlPcToFileHeader    000000018000e098     kernel32:KERNEL32.dll
 0002:000000a0       __imp_RaiseException       000000018000e0a0     kernel32:KERNEL32.dll
 0002:000000a8       __imp_InterlockedFlushSList 000000018000e0a8     kernel32:KERNEL32.dll
 0002:000000b0       __imp_GetLastError         000000018000e0b0     kernel32:KERNEL32.dll
 0002:000000b8       __imp_SetLastError         000000018000e0b8     kernel32:KERNEL32.dll
 0002:000000c0       __imp_EnterCriticalSection 000000018000e0c0     kernel32:KERNEL32.dll
 0002:000000c8       __imp_LeaveCriticalSection 000000018000e0c8     kernel32:KERNEL32.dll
 0002:000000d0       __imp_DeleteCriticalSection 000000018000e0d0     kernel32:KERNEL32.dll
 0002:000000d8       __imp_InitializeCriticalSectionAndSpinCount 000000018000e0d8     kernel32:KERNEL32.dll
 0002:000000e0       __imp_TlsAlloc             000000018000e0e0     kernel32:KERNEL32.dll
 0002:000000e8       __imp_TlsGetValue          000000018000e0e8     kernel32:KERNEL32.dll
 0002:000000f0       __imp_TlsSetValue          000000018000e0f0     kernel32:KERNEL32.dll
 0002:000000f8       __imp_TlsFree              000000018000e0f8     kernel32:KERNEL32.dll
 0002:00000100       __imp_FreeLibrary          000000018000e100     kernel32:KERNEL32.dll
 0002:00000108       __imp_GetProcAddress       000000018000e108     kernel32:KERNEL32.dll
 0002:00000110       __imp_LoadLibraryExW       000000018000e110     kernel32:KERNEL32.dll
 0002:00000118       __imp_ExitProcess          000000018000e118     kernel32:KERNEL32.dll
 0002:00000120       __imp_GetModuleHandleExW   000000018000e120     kernel32:KERNEL32.dll
 0002:00000128       __imp_GetModuleFileNameW   000000018000e128     kernel32:KERNEL32.dll
 0002:00000130       __imp_HeapAlloc            000000018000e130     kernel32:KERNEL32.dll
 0002:00000138       __imp_HeapFree             000000018000e138     kernel32:KERNEL32.dll
 0002:00000140       __imp_FindClose            000000018000e140     kernel32:KERNEL32.dll
 0002:00000148       __imp_FindFirstFileExW     000000018000e148     kernel32:KERNEL32.dll
 0002:00000150       __imp_FindNextFileW        000000018000e150     kernel32:KERNEL32.dll
 0002:00000158       __imp_IsValidCodePage      000000018000e158     kernel32:KERNEL32.dll
 0002:00000160       __imp_GetACP               000000018000e160     kernel32:KERNEL32.dll
 0002:00000168       __imp_GetOEMCP             000000018000e168     kernel32:KERNEL32.dll
 0002:00000170       __imp_GetCPInfo            000000018000e170     kernel32:KERNEL32.dll
 0002:00000178       __imp_GetCommandLineA      000000018000e178     kernel32:KERNEL32.dll
 0002:00000180       __imp_GetCommandLineW      000000018000e180     kernel32:KERNEL32.dll
 0002:00000188       __imp_MultiByteToWideChar  000000018000e188     kernel32:KERNEL32.dll
 0002:00000190       __imp_WideCharToMultiByte  000000018000e190     kernel32:KERNEL32.dll
 0002:00000198       __imp_GetEnvironmentStringsW 000000018000e198     kernel32:KERNEL32.dll
 0002:000001a0       __imp_FreeEnvironmentStringsW 000000018000e1a0     kernel32:KERNEL32.dll
 0002:000001a8       __imp_LCMapStringW         000000018000e1a8     kernel32:KERNEL32.dll
 0002:000001b0       __imp_GetProcessHeap       000000018000e1b0     kernel32:KERNEL32.dll
 0002:000001b8       __imp_GetStdHandle         000000018000e1b8     kernel32:KERNEL32.dll
 0002:000001c0       __imp_GetFileType          000000018000e1c0     kernel32:KERNEL32.dll
 0002:000001c8       __imp_GetStringTypeW       000000018000e1c8     kernel32:KERNEL32.dll
 0002:000001d0       __imp_HeapSize             000000018000e1d0     kernel32:KERNEL32.dll
 0002:000001d8       __imp_HeapReAlloc          000000018000e1d8     kernel32:KERNEL32.dll
 0002:000001e0       __imp_SetStdHandle         000000018000e1e0     kernel32:KERNEL32.dll
 0002:000001e8       __imp_FlushFileBuffers     000000018000e1e8     kernel32:KERNEL32.dll
 0002:000001f0       __imp_WriteFile            000000018000e1f0     kernel32:KERNEL32.dll
 0002:000001f8       __imp_GetConsoleCP         000000018000e1f8     kernel32:KERNEL32.dll
 0002:00000200       __imp_GetConsoleMode       000000018000e200     kernel32:KERNEL32.dll
 0002:00000208       __imp_SetFilePointerEx     000000018000e208     kernel32:KERNEL32.dll
 0002:00000210       __imp_CreateFileW          000000018000e210     kernel32:KERNEL32.dll
 0002:00000218       __imp_CloseHandle          000000018000e218     kernel32:KERNEL32.dll
 0002:00000220       __imp_WriteConsoleW        000000018000e220     kernel32:KERNEL32.dll
 0002:00000228       __imp_GetSystemInfo        000000018000e228     kernel32:KERNEL32.dll
 0002:00000230       __imp_VirtualProtect       000000018000e230     kernel32:KERNEL32.dll
 0002:00000238       __imp_VirtualQuery         000000018000e238     kernel32:KERNEL32.dll
 0002:00000240       \177KERNEL32_NULL_THUNK_DATA 000000018000e240     kernel32:KERNEL32.dll
 0002:00000248       __guard_check_icall_fptr   000000018000e248     LIBCMT:guard_support.obj
 0002:00000250       __guard_dispatch_icall_fptr 000000018000e250     LIBCMT:guard_support.obj
 0002:00000258       __xc_a                     000000018000e258     LIBCMT:initializers.obj
 0002:00000260       _register_demo_addon_      000000018000e260     demo.obj
 0002:00000268       __xc_z                     000000018000e268     LIBCMT:initializers.obj
 0002:00000270       __xi_a                     000000018000e270     LIBCMT:initializers.obj
 0002:00000278       __acrt_multibyte_initializer 000000018000e278     libucrt:multibyte_initializer.obj
 0002:00000280       __acrt_stdio_initializer   000000018000e280     libucrt:stdio_initializer.obj
 0002:00000288       __acrt_tran_fma3_initializer 000000018000e288     libucrt:fma3_initializer.obj
 0002:00000290       __xi_z                     000000018000e290     LIBCMT:initializers.obj
 0002:00000298       __xp_a                     000000018000e298     LIBCMT:initializers.obj
 0002:000002a0       __acrt_locale_terminator   000000018000e2a0     libucrt:locale_initializer.obj
 0002:000002a8       __dcrt_console_output_terminator 000000018000e2a8     libucrt:console_output_initializer.obj
 0002:000002b0       __acrt_stdio_terminator    000000018000e2b0     libucrt:stdio_initializer.obj
 0002:000002b8       __xp_z                     000000018000e2b8     LIBCMT:initializers.obj
 0002:000002c0       __xt_a                     000000018000e2c0     LIBCMT:initializers.obj
 0002:000002c8       __xt_z                     000000018000e2c8     LIBCMT:initializers.obj
 0002:000002d0       __sz_node_exe              000000018000e2d0     node:node.exe
 0002:000002e0       _pDefaultRawDllMain        000000018000e2e0     LIBCMT:dll_dllmain.obj
 0002:000002e0       _pRawDllMain               000000018000e2e0     LIBCMT:dll_dllmain.obj
 0002:00000300       ??_7exception@std@@6B@     000000018000e300     LIBCMT:throw_bad_alloc.obj
 0002:00000310       ??_C@_0BC@EOODALEL@Unknown?5exception@ 000000018000e310     LIBCMT:throw_bad_alloc.obj
 0002:00000330       ??_7bad_alloc@std@@6B@     000000018000e330     LIBCMT:throw_bad_alloc.obj
 0002:00000340       ??_C@_0P@GHFPNOJB@bad?5allocation@ 000000018000e340     LIBCMT:throw_bad_alloc.obj
 0002:00000358       ??_7bad_array_new_length@std@@6B@ 000000018000e358     LIBCMT:throw_bad_alloc.obj
 0002:00000368       ??_C@_0BF@KINCDENJ@bad?5array?5new?5length@ 000000018000e368     LIBCMT:throw_bad_alloc.obj
 0002:00000388       ??_7type_info@@6B@         000000018000e388     LIBCMT:std_type_info_static.obj
 0002:000003d0       _pDestructExceptionObject  000000018000e3d0     libvcruntime:ehhelpers.obj
 0002:00000718       ??_C@_08EHJDFFNH@__based?$CI@ 000000018000e718     libvcruntime:undname.obj
 0002:00000728       ??_C@_07KOLFKCDI@__cdecl@  000000018000e728     libvcruntime:undname.obj
 0002:00000730       ??_C@_08GHMPAG@__pascal@   000000018000e730     libvcruntime:undname.obj
 0002:00000740       ??_C@_09IFJBGAPI@__stdcall@ 000000018000e740     libvcruntime:undname.obj
 0002:00000750       ??_C@_0L@NPHFGOKO@__thiscall@ 000000018000e750     libvcruntime:undname.obj
 0002:00000760       ??_C@_0L@JMKHOMEK@__fastcall@ 000000018000e760     libvcruntime:undname.obj
 0002:00000770       ??_C@_0N@BCKKPABJ@__vectorcall@ 000000018000e770     libvcruntime:undname.obj
 0002:00000780       ??_C@_09HIJEGCPM@__clrcall@ 000000018000e780     libvcruntime:undname.obj
 0002:0000078c       ??_C@_06GHPCKEAG@__eabi@   000000018000e78c     libvcruntime:undname.obj
 0002:00000798       ??_C@_09IOPIDJLG@__swift_1@ 000000018000e798     libvcruntime:undname.obj
 0002:000007a8       ??_C@_09KFNFGKHF@__swift_2@ 000000018000e7a8     libvcruntime:undname.obj
 0002:000007b8       ??_C@_07JOMMBBKO@__ptr64@  000000018000e7b8     libvcruntime:undname.obj
 0002:000007c0       ??_C@_0L@PILCLIHE@__restrict@ 000000018000e7c0     libvcruntime:undname.obj
 0002:000007d0       ??_C@_0M@GFIIJFMG@__unaligned@ 000000018000e7d0     libvcruntime:undname.obj
 0002:000007e0       ??_C@_09DHDLOLLB@restrict?$CI@ 000000018000e7e0     libvcruntime:undname.obj
 0002:000007ea       ??_C@_00CNPNBAHC@@         000000018000e7ea     libvcruntime:undname.obj
 0002:000007ec       ??_C@_04NIHEBCM@?5new@     000000018000e7ec     libvcruntime:undname.obj
 0002:000007f8       ??_C@_07FPCDHGMM@?5delete@ 000000018000e7f8     libvcruntime:undname.obj
 0002:00000800       ??_C@_01NEMOKFLO@?$DN@     000000018000e800     libvcruntime:undname.obj
 0002:00000804       ??_C@_02GPIOPFAK@?$DO?$DO@ 000000018000e804     libvcruntime:undname.obj
 0002:00000808       ??_C@_02FODMEDOG@?$DM?$DM@ 000000018000e808     libvcruntime:undname.obj
 0002:0000080c       ??_C@_01DCLJPIOD@?$CB@     000000018000e80c     libvcruntime:undname.obj
 0002:00000810       ??_C@_02EGOFBIJA@?$DN?$DN@ 000000018000e810     libvcruntime:undname.obj
 0002:00000814       ??_C@_02FDNJECIE@?$CB?$DN@ 000000018000e814     libvcruntime:undname.obj
 0002:00000818       ??_C@_02GPECMEKF@?$FL?$FN@ 000000018000e818     libvcruntime:undname.obj
 0002:00000820       ??_C@_08LHJFAFGD@operator@ 000000018000e820     libvcruntime:undname.obj
 0002:0000082c       ??_C@_02HBOOOICD@?9?$DO@   000000018000e82c     libvcruntime:undname.obj
 0002:00000830       ??_C@_01NBENCBCI@?$CK@     000000018000e830     libvcruntime:undname.obj
 0002:00000834       ??_C@_02ECNGHCIF@?$CL?$CL@ 000000018000e834     libvcruntime:undname.obj
 0002:00000838       ??_C@_02BAABKJLB@?9?9@     000000018000e838     libvcruntime:undname.obj
 0002:0000083c       ??_C@_01JOAMLHOP@?9@       000000018000e83c     libvcruntime:undname.obj
 0002:00000840       ??_C@_01MIFGBAGJ@?$CL@     000000018000e840     libvcruntime:undname.obj
 0002:00000844       ??_C@_01HNPIGOCE@?$CG@     000000018000e844     libvcruntime:undname.obj
 0002:00000848       ??_C@_03MNHNFDLC@?9?$DO?$CK@ 000000018000e848     libvcruntime:undname.obj
 0002:0000084c       ??_C@_01KMDKNFGN@?1@       000000018000e84c     libvcruntime:undname.obj
 0002:00000850       ??_C@_01FGNFDNOH@?$CF@     000000018000e850     libvcruntime:undname.obj
 0002:00000854       ??_C@_01MNNFJEPP@?$DM@     000000018000e854     libvcruntime:undname.obj
 0002:00000858       ??_C@_02EHCHHCKH@?$DM?$DN@ 000000018000e858     libvcruntime:undname.obj
 0002:0000085c       ??_C@_01PPODPGHN@?$DO@     000000018000e85c     libvcruntime:undname.obj
 0002:00000860       ??_C@_02EEKDKGMJ@?$DO?$DN@ 000000018000e860     libvcruntime:undname.obj
 0002:00000864       ??_C@_01IHBHIGKO@?0@       000000018000e864     libvcruntime:undname.obj
 0002:00000868       ??_C@_02HCKGKOFO@?$CI?$CJ@ 000000018000e868     libvcruntime:undname.obj
 0002:0000086c       ??_C@_01PJKLJHI@?$HO@      000000018000e86c     libvcruntime:undname.obj
 0002:00000870       ??_C@_01JKBOJNNK@?$FO@     000000018000e870     libvcruntime:undname.obj
 0002:00000874       ??_C@_01DNKMNLPK@?$HM@     000000018000e874     libvcruntime:undname.obj
 0002:00000878       ??_C@_02PPKAJPJL@?$CG?$CG@ 000000018000e878     libvcruntime:undname.obj
 0002:0000087c       ??_C@_02NONPIBCD@?$HM?$HM@ 000000018000e87c     libvcruntime:undname.obj
 0002:00000880       ??_C@_02FPIMKNGF@?$CK?$DN@ 000000018000e880     libvcruntime:undname.obj
 0002:00000884       ??_C@_02FOEOMHFC@?$CL?$DN@ 000000018000e884     libvcruntime:undname.obj
 0002:00000888       ??_C@_02FKMDLLOA@?9?$DN@   000000018000e888     libvcruntime:undname.obj
 0002:0000088c       ??_C@_02FJEHGPIO@?1?$DN@   000000018000e88c     libvcruntime:undname.obj
 0002:00000890       ??_C@_02FENAOKFI@?$CF?$DN@ 000000018000e890     libvcruntime:undname.obj
 0002:00000894       ??_C@_03IKFCCPFF@?$DO?$DO?$DN@ 000000018000e894     libvcruntime:undname.obj
 0002:00000898       ??_C@_03CDNPDDLA@?$DM?$DM?$DN@ 000000018000e898     libvcruntime:undname.obj
 0002:0000089c       ??_C@_02FGJGFEAB@?$CG?$DN@ 000000018000e89c     libvcruntime:undname.obj
 0002:000008a0       ??_C@_02DHLNPPGH@?$HM?$DN@ 000000018000e8a0     libvcruntime:undname.obj
 0002:000008a4       ??_C@_02MHEGNOJ@?$FO?$DN@  000000018000e8a4     libvcruntime:undname.obj
 0002:000008a8       ??_C@_09IFPLHPGF@?$GAvftable?8@ 000000018000e8a8     libvcruntime:undname.obj
 0002:000008b8       ??_C@_09BLBHBJP@?$GAvbtable?8@ 000000018000e8b8     libvcruntime:undname.obj
 0002:000008c8       ??_C@_07FEEIOKP@?$GAvcall?8@ 000000018000e8c8     libvcruntime:undname.obj
 0002:000008d0       ??_C@_08LLFFHHDJ@?$GAtypeof?8@ 000000018000e8d0     libvcruntime:undname.obj
 0002:000008e0       ??_C@_0BF@KDPPACIK@?$GAlocal?5static?5guard?8@ 000000018000e8e0     libvcruntime:undname.obj
 0002:000008f8       ??_C@_08OBABFOLI@?$GAstring?8@ 000000018000e8f8     libvcruntime:undname.obj
 0002:00000908       ??_C@_0BD@JDLKDPAB@?$GAvbase?5destructor?8@ 000000018000e908     libvcruntime:undname.obj
 0002:00000920       ??_C@_0BN@DEGPLNFK@?$GAvector?5deleting?5destructor?8@ 000000018000e920     libvcruntime:undname.obj
 0002:00000940       ??_C@_0BO@OBMKPJIG@?$GAdefault?5constructor?5closure?8@ 000000018000e940     libvcruntime:undname.obj
 0002:00000960       ??_C@_0BN@IMDCHIKM@?$GAscalar?5deleting?5destructor?8@ 000000018000e960     libvcruntime:undname.obj
 0002:00000980       ??_C@_0BO@PFGOCPJJ@?$GAvector?5constructor?5iterator?8@ 000000018000e980     libvcruntime:undname.obj
 0002:000009a0       ??_C@_0BN@LFPFMEDL@?$GAvector?5destructor?5iterator?8@ 000000018000e9a0     libvcruntime:undname.obj
 0002:000009c0       ??_C@_0CE@IKBNEHA@?$GAvector?5vbase?5constructor?5itera@ 000000018000e9c0     libvcruntime:undname.obj
 0002:000009e8       ??_C@_0BL@NILFHHPC@?$GAvirtual?5displacement?5map?8@ 000000018000e9e8     libvcruntime:undname.obj
 0002:00000a08       ??_C@_0CB@JONCMFFK@?$GAeh?5vector?5constructor?5iterator@ 000000018000ea08     libvcruntime:undname.obj
 0002:00000a30       ??_C@_0CA@GCEOPDGL@?$GAeh?5vector?5destructor?5iterator?8@ 000000018000ea30     libvcruntime:undname.obj
 0002:00000a50       ??_C@_0CH@OOJPLCPH@?$GAeh?5vector?5vbase?5constructor?5it@ 000000018000ea50     libvcruntime:undname.obj
 0002:00000a78       ??_C@_0BL@LLKPOHJI@?$GAcopy?5constructor?5closure?8@ 000000018000ea78     libvcruntime:undname.obj
 0002:00000a98       ??_C@_0BA@KBCDOMBN@?$GAudt?5returning?8@ 000000018000ea98     libvcruntime:undname.obj
 0002:00000aa8       ??_C@_03KLGMFNMG@?$GAEH@   000000018000eaa8     libvcruntime:undname.obj
 0002:00000aac       ??_C@_05KHLCHHI@?$GARTTI@  000000018000eaac     libvcruntime:undname.obj
 0002:00000ab8       ??_C@_0BA@KKLDJDLB@?$GAlocal?5vftable?8@ 000000018000eab8     libvcruntime:undname.obj
 0002:00000ac8       ??_C@_0CE@IIHCMGGL@?$GAlocal?5vftable?5constructor?5clos@ 000000018000eac8     libvcruntime:undname.obj
 0002:00000aec       ??_C@_06FHBGPFGH@?5new?$FL?$FN@ 000000018000eaec     libvcruntime:undname.obj
 0002:00000af8       ??_C@_09LBNFPBCA@?5delete?$FL?$FN@ 000000018000eaf8     libvcruntime:undname.obj
 0002:00000b08       ??_C@_0P@HJKNJFNN@?$GAomni?5callsig?8@ 000000018000eb08     libvcruntime:undname.obj
 0002:00000b18       ??_C@_0BL@CNOONJFP@?$GAplacement?5delete?5closure?8@ 000000018000eb18     libvcruntime:undname.obj
 0002:00000b38       ??_C@_0BN@CKNJLHMB@?$GAplacement?5delete?$FL?$FN?5closure?8@ 000000018000eb38     libvcruntime:undname.obj
 0002:00000b58       ??_C@_0CG@CFDHKGGD@?$GAmanaged?5vector?5constructor?5ite@ 000000018000eb58     libvcruntime:undname.obj
 0002:00000b80       ??_C@_0CF@IMGKMJNO@?$GAmanaged?5vector?5destructor?5iter@ 000000018000eb80     libvcruntime:undname.obj
 0002:00000ba8       ??_C@_0CG@HLDDJMAG@?$GAeh?5vector?5copy?5constructor?5ite@ 000000018000eba8     libvcruntime:undname.obj
 0002:00000bd0       ??_C@_0CM@FCBBDIGB@?$GAeh?5vector?5vbase?5copy?5construct@ 000000018000ebd0     libvcruntime:undname.obj
 0002:00000c00       ??_C@_0BL@CLIPGLGB@?$GAdynamic?5initializer?5for?5?8@ 000000018000ec00     libvcruntime:undname.obj
 0002:00000c20       ??_C@_0CB@PDBIFEP@?$GAdynamic?5atexit?5destructor?5for?5@ 000000018000ec20     libvcruntime:undname.obj
 0002:00000c48       ??_C@_0CD@CGAJBKEJ@?$GAvector?5copy?5constructor?5iterat@ 000000018000ec48     libvcruntime:undname.obj
 0002:00000c70       ??_C@_0CJ@GJELGAMM@?$GAvector?5vbase?5copy?5constructor?5@ 000000018000ec70     libvcruntime:undname.obj
 0002:00000ca0       ??_C@_0CL@FGIJHLCE@?$GAmanaged?5vector?5copy?5constructo@ 000000018000eca0     libvcruntime:undname.obj
 0002:00000cd0       ??_C@_0BM@PMGGMLDN@?$GAlocal?5static?5thread?5guard?8@ 000000018000ecd0     libvcruntime:undname.obj
 0002:00000cf0       ??_C@_0N@BDNMDMOL@operator?5?$CC?$CC?5@ 000000018000ecf0     libvcruntime:undname.obj
 0002:00000d00       ??_C@_0BC@GGEBGALA@operator?5co_await@ 000000018000ed00     libvcruntime:undname.obj
 0002:00000d18       ??_C@_0BC@DAFEJGAK@?5Type?5Descriptor?8@ 000000018000ed18     libvcruntime:undname.obj
 0002:00000d30       ??_C@_0BM@LDKODKLH@?5Base?5Class?5Descriptor?5at?5?$CI@ 000000018000ed30     libvcruntime:undname.obj
 0002:00000d50       ??_C@_0BD@LGICGFMM@?5Base?5Class?5Array?8@ 000000018000ed50     libvcruntime:undname.obj
 0002:00000d68       ??_C@_0BN@MECKDCOJ@?5Class?5Hierarchy?5Descriptor?8@ 000000018000ed68     libvcruntime:undname.obj
 0002:00000d88       ??_C@_0BK@CFCOFLF@?5Complete?5Object?5Locator?8@ 000000018000ed88     libvcruntime:undname.obj
 0002:00000dc0       ??_C@_1DM@KHCHBNEB@?$AAa?$AAp?$AAi?$AA?9?$AAm?$AAs?$AA?9?$AAw?$AAi?$AAn?$AA?9?$AAc?$AAo?$AAr?$AAe@ 000000018000edc0     libvcruntime:winapi_downlevel.obj
 0002:00000e00       ??_C@_1DK@LPPGFMPP@?$AAa?$AAp?$AAi?$AA?9?$AAm?$AAs?$AA?9?$AAw?$AAi?$AAn?$AA?9?$AAc?$AAo?$AAr?$AAe@ 000000018000ee00     libvcruntime:winapi_downlevel.obj
 0002:00000e40       ??_C@_1BC@GDMECMAK@?$AAk?$AAe?$AAr?$AAn?$AAe?$AAl?$AA3?$AA2@ 000000018000ee40     libvcruntime:winapi_downlevel.obj
 0002:00000e58       ??_C@_1BA@PFFKHIOG@?$AAa?$AAp?$AAi?$AA?9?$AAm?$AAs?$AA?9@ 000000018000ee58     libvcruntime:winapi_downlevel.obj
 0002:00000e68       ??_C@_1BA@IAIFMGEF@?$AAe?$AAx?$AAt?$AA?9?$AAm?$AAs?$AA?9@ 000000018000ee68     libvcruntime:winapi_downlevel.obj
 0002:00000e80       ??_C@_08KNHFBNJ@FlsAlloc@  000000018000ee80     libvcruntime:winapi_downlevel.obj
 0002:00000e98       ??_C@_07PEJMOBNF@FlsFree@  000000018000ee98     libvcruntime:winapi_downlevel.obj
 0002:00000ea8       ??_C@_0M@GDNOONDI@FlsGetValue@ 000000018000eea8     libvcruntime:winapi_downlevel.obj
 0002:00000ec0       ??_C@_0M@JCPCPOEF@FlsSetValue@ 000000018000eec0     libvcruntime:winapi_downlevel.obj
 0002:00000ed8       ??_C@_0BM@HCFOFFN@InitializeCriticalSectionEx@ 000000018000eed8     libvcruntime:winapi_downlevel.obj
 0002:00000f00       __acrt_exception_action_table 000000018000ef00     libucrt:exception_filter.obj
 0002:00000fc0       __acrt_signal_action_table_count 000000018000efc0     libucrt:exception_filter.obj
 0002:00000fc8       __acrt_signal_action_first_fpe_index 000000018000efc8     libucrt:exception_filter.obj
 0002:00000fd0       __acrt_signal_action_fpe_count 000000018000efd0     libucrt:exception_filter.obj
 0002:00000fd8       ??_C@_1BI@BGOHAHKC@?$AAm?$AAs?$AAc?$AAo?$AAr?$AAe?$AAe?$AA?4?$AAd?$AAl?$AAl?$AA?$AA@ 000000018000efd8     libucrt:exit.obj
 0002:00000ff0       ??_C@_0P@MIGLKIOC@CorExitProcess?$AA@ 000000018000eff0     libucrt:exit.obj
 0002:00001270       __lc_time_c                000000018000f270     libucrt:nlsdata.obj
 0002:00001530       ??_C@_03KOEHGMDN@Sun?$AA@  000000018000f530     libucrt:nlsdata.obj
 0002:00001534       ??_C@_03PDAGKDH@Mon?$AA@   000000018000f534     libucrt:nlsdata.obj
 0002:00001538       ??_C@_03NAGEINEP@Tue?$AA@  000000018000f538     libucrt:nlsdata.obj
 0002:0000153c       ??_C@_03MHOMLAJA@Wed?$AA@  000000018000f53c     libucrt:nlsdata.obj
 0002:00001540       ??_C@_03IOFIKPDN@Thu?$AA@  000000018000f540     libucrt:nlsdata.obj
 0002:00001544       ??_C@_03IDIOELNC@Fri?$AA@  000000018000f544     libucrt:nlsdata.obj
 0002:00001548       ??_C@_03FEFJNEK@Sat?$AA@   000000018000f548     libucrt:nlsdata.obj
 0002:0000154c       ??_C@_06OOPIFAJ@Sunday?$AA@ 000000018000f54c     libucrt:nlsdata.obj
 0002:00001554       ??_C@_06JLEDEDGH@Monday?$AA@ 000000018000f554     libucrt:nlsdata.obj
 0002:00001560       ??_C@_07BAAGCFCM@Tuesday?$AA@ 000000018000f560     libucrt:nlsdata.obj
 0002:00001568       ??_C@_09DLIGFAKA@Wednesday?$AA@ 000000018000f568     libucrt:nlsdata.obj
 0002:00001578       ??_C@_08HACCIKIA@Thursday?$AA@ 000000018000f578     libucrt:nlsdata.obj
 0002:00001584       ??_C@_06JECMNKMI@Friday?$AA@ 000000018000f584     libucrt:nlsdata.obj
 0002:00001590       ??_C@_08INBOOONO@Saturday?$AA@ 000000018000f590     libucrt:nlsdata.obj
 0002:0000159c       ??_C@_03JIHJHPIE@Jan?$AA@  000000018000f59c     libucrt:nlsdata.obj
 0002:000015a0       ??_C@_03HJBDCHOM@Feb?$AA@  000000018000f5a0     libucrt:nlsdata.obj
 0002:000015a4       ??_C@_03ODNJBKGA@Mar?$AA@  000000018000f5a4     libucrt:nlsdata.obj
 0002:000015a8       ??_C@_03LEOLGMJP@Apr?$AA@  000000018000f5a8     libucrt:nlsdata.obj
 0002:000015ac       ??_C@_03CNMDKL@May?$AA@    000000018000f5ac     libucrt:nlsdata.obj
 0002:000015b0       ??_C@_03IDFGHECI@Jun?$AA@  000000018000f5b0     libucrt:nlsdata.obj
 0002:000015b4       ??_C@_03LBGABGKK@Jul?$AA@  000000018000f5b4     libucrt:nlsdata.obj
 0002:000015b8       ??_C@_03IFJFEIGA@Aug?$AA@  000000018000f5b8     libucrt:nlsdata.obj
 0002:000015bc       ??_C@_03GGCAPAJC@Sep?$AA@  000000018000f5bc     libucrt:nlsdata.obj
 0002:000015c0       ??_C@_03BMAOKBAD@Oct?$AA@  000000018000f5c0     libucrt:nlsdata.obj
 0002:000015c4       ??_C@_03JPJOFNIA@Nov?$AA@  000000018000f5c4     libucrt:nlsdata.obj
 0002:000015c8       ??_C@_03MKABNOCG@Dec?$AA@  000000018000f5c8     libucrt:nlsdata.obj
 0002:000015d0       ??_C@_07CGJPFGJA@January?$AA@ 000000018000f5d0     libucrt:nlsdata.obj
 0002:000015d8       ??_C@_08GNJGEPFN@February?$AA@ 000000018000f5d8     libucrt:nlsdata.obj
 0002:000015e4       ??_C@_05HPCKOFNC@March?$AA@ 000000018000f5e4     libucrt:nlsdata.obj
 0002:000015ec       ??_C@_05DMJDNLEJ@April?$AA@ 000000018000f5ec     libucrt:nlsdata.obj
 0002:000015f4       ??_C@_04CNLMGBGM@June?$AA@ 000000018000f5f4     libucrt:nlsdata.obj
 0002:000015fc       ??_C@_04MIEPOIFP@July?$AA@ 000000018000f5fc     libucrt:nlsdata.obj
 0002:00001604       ??_C@_06LBBHFDDG@August?$AA@ 000000018000f604     libucrt:nlsdata.obj
 0002:00001610       ??_C@_09BHHEALKD@September?$AA@ 000000018000f610     libucrt:nlsdata.obj
 0002:00001620       ??_C@_07JJNFCEND@October?$AA@ 000000018000f620     libucrt:nlsdata.obj
 0002:00001628       ??_C@_08HCHEGEOA@November?$AA@ 000000018000f628     libucrt:nlsdata.obj
 0002:00001638       ??_C@_08EDHMEBNP@December?$AA@ 000000018000f638     libucrt:nlsdata.obj
 0002:00001644       ??_C@_02DEDBPAFC@AM?$AA@   000000018000f644     libucrt:nlsdata.obj
 0002:00001648       ??_C@_02CJNFDJBF@PM?$AA@   000000018000f648     libucrt:nlsdata.obj
 0002:00001650       ??_C@_08BPBNCDIB@MM?1dd?1yy?$AA@ 000000018000f650     libucrt:nlsdata.obj
 0002:00001660       ??_C@_0BE@CKGJFCPC@dddd?0?5MMMM?5dd?0?5yyyy?$AA@ 000000018000f660     libucrt:nlsdata.obj
 0002:00001678       ??_C@_08JCCMCCIL@HH?3mm?3ss?$AA@ 000000018000f678     libucrt:nlsdata.obj
 0002:00001688       ??_C@_17MBGCMIPB@?$AAS?$AAu?$AAn?$AA?$AA@ 000000018000f688     libucrt:nlsdata.obj
 0002:00001690       ??_C@_17KBOMKBF@?$AAM?$AAo?$AAn?$AA?$AA@ 000000018000f690     libucrt:nlsdata.obj
 0002:00001698       ??_C@_17BMKGEGOJ@?$AAT?$AAu?$AAe?$AA?$AA@ 000000018000f698     libucrt:nlsdata.obj
 0002:000016a0       ??_C@_17CJEDCEPE@?$AAW?$AAe?$AAd?$AA?$AA@ 000000018000f6a0     libucrt:nlsdata.obj
 0002:000016a8       ??_C@_17PDPHAADD@?$AAT?$AAh?$AAu?$AA?$AA@ 000000018000f6a8     libucrt:nlsdata.obj
 0002:000016b0       ??_C@_17HFOLPPLP@?$AAF?$AAr?$AAi?$AA?$AA@ 000000018000f6b0     libucrt:nlsdata.obj
 0002:000016b8       ??_C@_17GGIBDPIH@?$AAS?$AAa?$AAt?$AA?$AA@ 000000018000f6b8     libucrt:nlsdata.obj
 0002:000016c0       ??_C@_1O@IHNHDHPB@?$AAS?$AAu?$AAn?$AAd?$AAa?$AAy?$AA?$AA@ 000000018000f6c0     libucrt:nlsdata.obj
 0002:000016d0       ??_C@_1O@MMNBFLIA@?$AAM?$AAo?$AAn?$AAd?$AAa?$AAy?$AA?$AA@ 000000018000f6d0     libucrt:nlsdata.obj
 0002:000016e0       ??_C@_1BA@ENFBFFEK@?$AAT?$AAu?$AAe?$AAs?$AAd?$AAa?$AAy?$AA?$AA@ 000000018000f6e0     libucrt:nlsdata.obj
 0002:000016f0       ??_C@_1BE@EBOGMDOH@?$AAW?$AAe?$AAd?$AAn?$AAe?$AAs?$AAd?$AAa?$AAy?$AA?$AA@ 000000018000f6f0     libucrt:nlsdata.obj
 0002:00001708       ??_C@_1BC@HHMNLIHE@?$AAT?$AAh?$AAu?$AAr?$AAs?$AAd?$AAa?$AAy?$AA?$AA@ 000000018000f708     libucrt:nlsdata.obj
 0002:00001720       ??_C@_1O@PDICJHAG@?$AAF?$AAr?$AAi?$AAd?$AAa?$AAy?$AA?$AA@ 000000018000f720     libucrt:nlsdata.obj
 0002:00001730       ??_C@_1BC@ENMNNPAJ@?$AAS?$AAa?$AAt?$AAu?$AAr?$AAd?$AAa?$AAy?$AA?$AA@ 000000018000f730     libucrt:nlsdata.obj
 0002:00001748       ??_C@_17DKNBKCHM@?$AAJ?$AAa?$AAn?$AA?$AA@ 000000018000f748     libucrt:nlsdata.obj
 0002:00001750       ??_C@_17LMDJEKJN@?$AAF?$AAe?$AAb?$AA?$AA@ 000000018000f750     libucrt:nlsdata.obj
 0002:00001758       ??_C@_17CKNLEDEC@?$AAM?$AAa?$AAr?$AA?$AA@ 000000018000f758     libucrt:nlsdata.obj
 0002:00001760       ??_C@_17LFPOIHDD@?$AAA?$AAp?$AAr?$AA?$AA@ 000000018000f760     libucrt:nlsdata.obj
 0002:00001768       ??_C@_17PNNKMEED@?$AAM?$AAa?$AAy?$AA?$AA@ 000000018000f768     libucrt:nlsdata.obj
 0002:00001770       ??_C@_17KCJGOCPB@?$AAJ?$AAu?$AAn?$AA?$AA@ 000000018000f770     libucrt:nlsdata.obj
 0002:00001778       ??_C@_17IJPCKHK@?$AAJ?$AAu?$AAl?$AA?$AA@ 000000018000f778     libucrt:nlsdata.obj
 0002:00001780       ??_C@_17ICPELBCN@?$AAA?$AAu?$AAg?$AA?$AA@ 000000018000f780     libucrt:nlsdata.obj
 0002:00001788       ??_C@_17HCHCOKMG@?$AAS?$AAe?$AAp?$AA?$AA@ 000000018000f788     libucrt:nlsdata.obj
 0002:00001790       ??_C@_17FNLKOI@?$AAO?$AAc?$AAt?$AA?$AA@ 000000018000f790     libucrt:nlsdata.obj
 0002:00001798       ??_C@_17BBDMLCIG@?$AAN?$AAo?$AAv?$AA?$AA@ 000000018000f798     libucrt:nlsdata.obj
 0002:000017a0       ??_C@_17EGKACKIF@?$AAD?$AAe?$AAc?$AA?$AA@ 000000018000f7a0     libucrt:nlsdata.obj
 0002:000017a8       ??_C@_1BA@EFMEIEBA@?$AAJ?$AAa?$AAn?$AAu?$AAa?$AAr?$AAy?$AA?$AA@ 000000018000f7a8     libucrt:nlsdata.obj
 0002:000017b8       ??_C@_1BC@JGDDFFAM@?$AAF?$AAe?$AAb?$AAr?$AAu?$AAa?$AAr?$AAy?$AA?$AA@ 000000018000f7b8     libucrt:nlsdata.obj
 0002:000017d0       ??_C@_1M@IKEENEDF@?$AAM?$AAa?$AAr?$AAc?$AAh?$AA?$AA@ 000000018000f7d0     libucrt:nlsdata.obj
 0002:000017e0       ??_C@_1M@GJNLMHFD@?$AAA?$AAp?$AAr?$AAi?$AAl?$AA?$AA@ 000000018000f7e0     libucrt:nlsdata.obj
 0002:000017f0       ??_C@_19EPFLPGAP@?$AAJ?$AAu?$AAn?$AAe?$AA?$AA@ 000000018000f7f0     libucrt:nlsdata.obj
 0002:00001800       ??_C@_19BIFMLPCD@?$AAJ?$AAu?$AAl?$AAy?$AA?$AA@ 000000018000f800     libucrt:nlsdata.obj
 0002:00001810       ??_C@_1O@PAHLKOAC@?$AAA?$AAu?$AAg?$AAu?$AAs?$AAt?$AA?$AA@ 000000018000f810     libucrt:nlsdata.obj
 0002:00001820       ??_C@_1BE@DKAAMBJL@?$AAS?$AAe?$AAp?$AAt?$AAe?$AAm?$AAb?$AAe?$AAr?$AA?$AA@ 000000018000f820     libucrt:nlsdata.obj
 0002:00001838       ??_C@_1BA@EPANDLNG@?$AAO?$AAc?$AAt?$AAo?$AAb?$AAe?$AAr?$AA?$AA@ 000000018000f838     libucrt:nlsdata.obj
 0002:00001848       ??_C@_1BC@BGLIFPF@?$AAN?$AAo?$AAv?$AAe?$AAm?$AAb?$AAe?$AAr?$AA?$AA@ 000000018000f848     libucrt:nlsdata.obj
 0002:00001860       ??_C@_1BC@FEMKIFH@?$AAD?$AAe?$AAc?$AAe?$AAm?$AAb?$AAe?$AAr?$AA?$AA@ 000000018000f860     libucrt:nlsdata.obj
 0002:00001874       ??_C@_15ODEHAHHF@?$AAA?$AAM?$AA?$AA@ 000000018000f874     libucrt:nlsdata.obj
 0002:0000187c       ??_C@_15CLMNNGEL@?$AAP?$AAM?$AA?$AA@ 000000018000f87c     libucrt:nlsdata.obj
 0002:00001888       ??_C@_1BC@IEBCMHCM@?$AAM?$AAM?$AA?1?$AAd?$AAd?$AA?1?$AAy?$AAy?$AA?$AA@ 000000018000f888     libucrt:nlsdata.obj
 0002:000018a0       ??_C@_1CI@KNAKOEBC@?$AAd?$AAd?$AAd?$AAd?$AA?0?$AA?5?$AAM?$AAM?$AAM?$AAM?$AA?5?$AAd?$AAd?$AA?0?$AA?5?$AAy?$AAy?$AAy?$AAy?$AA?$AA@ 000000018000f8a0     libucrt:nlsdata.obj
 0002:000018c8       ??_C@_1BC@GDGBMEMK@?$AAH?$AAH?$AA?3?$AAm?$AAm?$AA?3?$AAs?$AAs?$AA?$AA@ 000000018000f8c8     libucrt:nlsdata.obj
 0002:000018e0       ??_C@_1M@BMHNFIME@?$AAe?$AAn?$AA?9?$AAU?$AAS?$AA?$AA@ 000000018000f8e0     libucrt:nlsdata.obj
 0002:00001910       ??_C@_1M@HPNHIDJI@?$AAj?$AAa?$AA?9?$AAJ?$AAP?$AA?$AA@ 000000018000f910     libucrt:mbctype.obj
 0002:00001920       ??_C@_1M@BIBDDEMK@?$AAz?$AAh?$AA?9?$AAC?$AAN?$AA?$AA@ 000000018000f920     libucrt:mbctype.obj
 0002:00001930       ??_C@_1M@JLOOOEGK@?$AAk?$AAo?$AA?9?$AAK?$AAR?$AA?$AA@ 000000018000f930     libucrt:mbctype.obj
 0002:00001940       ??_C@_1M@CLNBBOPM@?$AAz?$AAh?$AA?9?$AAT?$AAW?$AA?$AA@ 000000018000f940     libucrt:mbctype.obj
 0002:000019f0       ??_C@_1EA@JGEFHKEI@?$AAa?$AAp?$AAi?$AA?9?$AAm?$AAs?$AA?9?$AAw?$AAi?$AAn?$AA?9?$AAc?$AAo?$AAr?$AAe?$AA?9?$AAd?$AAa?$AAt?$AAe?$AAt?$AAi?$AAm?$AAe?$AA?9?$AAl?$AA1?$AA?9?$AA1?$AA?9?$AA1?$AA?$AA@ 000000018000f9f0     libucrt:winapi_thunks.obj
 0002:00001a30       ??_C@_1DM@KHCHBNEB@?$AAa?$AAp?$AAi?$AA?9?$AAm?$AAs?$AA?9?$AAw?$AAi?$AAn?$AA?9?$AAc?$AAo?$AAr?$AAe?$AA?9?$AAf?$AAi?$AAb?$AAe?$AAr?$AAs?$AA?9?$AAl?$AA1?$AA?9?$AA1?$AA?9?$AA1?$AA?$AA@ 000000018000fa30     libucrt:winapi_thunks.obj
 0002:00001a70       ??_C@_1DI@IJCEHOCB@?$AAa?$AAp?$AAi?$AA?9?$AAm?$AAs?$AA?9?$AAw?$AAi?$AAn?$AA?9?$AAc?$AAo?$AAr?$AAe?$AA?9?$AAf?$AAi?$AAl?$AAe?$AA?9?$AAl?$AA1?$AA?9?$AA2?$AA?9?$AA2?$AA?$AA@ 000000018000fa70     libucrt:winapi_thunks.obj
 0002:00001ab0       ??_C@_1EI@MPIAOHOC@?$AAa?$AAp?$AAi?$AA?9?$AAm?$AAs?$AA?9?$AAw?$AAi?$AAn?$AA?9?$AAc?$AAo?$AAr?$AAe?$AA?9?$AAl?$AAo?$AAc?$AAa?$AAl?$AAi?$AAz?$AAa?$AAt?$AAi?$AAo?$AAn?$AA?9?$AAl?$AA1?$AA?9@ 000000018000fab0     libucrt:winapi_thunks.obj
 0002:00001b00       ??_C@_1FK@FPHCKFIE@?$AAa?$AAp?$AAi?$AA?9?$AAm?$AAs?$AA?9?$AAw?$AAi?$AAn?$AA?9?$AAc?$AAo?$AAr?$AAe?$AA?9?$AAl?$AAo?$AAc?$AAa?$AAl?$AAi?$AAz?$AAa?$AAt?$AAi?$AAo?$AAn?$AA?9?$AAo?$AAb?$AAs@ 000000018000fb00     libucrt:winapi_thunks.obj
 0002:00001b60       ??_C@_1EM@DILCGIIO@?$AAa?$AAp?$AAi?$AA?9?$AAm?$AAs?$AA?9?$AAw?$AAi?$AAn?$AA?9?$AAc?$AAo?$AAr?$AAe?$AA?9?$AAp?$AAr?$AAo?$AAc?$AAe?$AAs?$AAs?$AAt?$AAh?$AAr?$AAe?$AAa?$AAd?$AAs?$AA?9?$AAl@ 000000018000fb60     libucrt:winapi_thunks.obj
 0002:00001bb0       ??_C@_1DM@LNCGDDPN@?$AAa?$AAp?$AAi?$AA?9?$AAm?$AAs?$AA?9?$AAw?$AAi?$AAn?$AA?9?$AAc?$AAo?$AAr?$AAe?$AA?9?$AAs?$AAt?$AAr?$AAi?$AAn?$AAg?$AA?9?$AAl?$AA1?$AA?9?$AA1?$AA?9?$AA0?$AA?$AA@ 000000018000fbb0     libucrt:winapi_thunks.obj
 0002:00001bf0       ??_C@_1DK@LPPGFMPP@?$AAa?$AAp?$AAi?$AA?9?$AAm?$AAs?$AA?9?$AAw?$AAi?$AAn?$AA?9?$AAc?$AAo?$AAr?$AAe?$AA?9?$AAs?$AAy?$AAn?$AAc?$AAh?$AA?9?$AAl?$AA1?$AA?9?$AA2?$AA?9?$AA0?$AA?$AA@ 000000018000fbf0     libucrt:winapi_thunks.obj
 0002:00001c30       ??_C@_1DO@FPAPJEMD@?$AAa?$AAp?$AAi?$AA?9?$AAm?$AAs?$AA?9?$AAw?$AAi?$AAn?$AA?9?$AAc?$AAo?$AAr?$AAe?$AA?9?$AAs?$AAy?$AAs?$AAi?$AAn?$AAf?$AAo?$AA?9?$AAl?$AA1?$AA?9?$AA2?$AA?9?$AA1?$AA?$AA@ 000000018000fc30     libucrt:winapi_thunks.obj
 0002:00001c70       ??_C@_1DK@NDHNAHIO@?$AAa?$AAp?$AAi?$AA?9?$AAm?$AAs?$AA?9?$AAw?$AAi?$AAn?$AA?9?$AAc?$AAo?$AAr?$AAe?$AA?9?$AAw?$AAi?$AAn?$AAr?$AAt?$AA?9?$AAl?$AA1?$AA?9?$AA1?$AA?9?$AA0?$AA?$AA@ 000000018000fc70     libucrt:winapi_thunks.obj
 0002:00001cb0       ??_C@_1DM@KGHDGBCM@?$AAa?$AAp?$AAi?$AA?9?$AAm?$AAs?$AA?9?$AAw?$AAi?$AAn?$AA?9?$AAc?$AAo?$AAr?$AAe?$AA?9?$AAx?$AAs?$AAt?$AAa?$AAt?$AAe?$AA?9?$AAl?$AA2?$AA?9?$AA1?$AA?9?$AA0?$AA?$AA@ 000000018000fcb0     libucrt:winapi_thunks.obj
 0002:00001cf0       ??_C@_1EO@IJIOEFOH@?$AAa?$AAp?$AAi?$AA?9?$AAm?$AAs?$AA?9?$AAw?$AAi?$AAn?$AA?9?$AAr?$AAt?$AAc?$AAo?$AAr?$AAe?$AA?9?$AAn?$AAt?$AAu?$AAs?$AAe?$AAr?$AA?9?$AAw?$AAi?$AAn?$AAd?$AAo?$AAw?$AA?9@ 000000018000fcf0     libucrt:winapi_thunks.obj
 0002:00001d40       ??_C@_1FG@HHGEKANL@?$AAa?$AAp?$AAi?$AA?9?$AAm?$AAs?$AA?9?$AAw?$AAi?$AAn?$AA?9?$AAs?$AAe?$AAc?$AAu?$AAr?$AAi?$AAt?$AAy?$AA?9?$AAs?$AAy?$AAs?$AAt?$AAe?$AAm?$AAf?$AAu?$AAn?$AAc?$AAt?$AAi@ 000000018000fd40     libucrt:winapi_thunks.obj
 0002:00001da0       ??_C@_1EG@DBIOJECG@?$AAe?$AAx?$AAt?$AA?9?$AAm?$AAs?$AA?9?$AAw?$AAi?$AAn?$AA?9?$AAn?$AAt?$AAu?$AAs?$AAe?$AAr?$AA?9?$AAd?$AAi?$AAa?$AAl?$AAo?$AAg?$AAb?$AAo?$AAx?$AA?9?$AAl?$AA1?$AA?9?$AA1@ 000000018000fda0     libucrt:winapi_thunks.obj
 0002:00001df0       ??_C@_1EO@FIHMJCLF@?$AAe?$AAx?$AAt?$AA?9?$AAm?$AAs?$AA?9?$AAw?$AAi?$AAn?$AA?9?$AAn?$AAt?$AAu?$AAs?$AAe?$AAr?$AA?9?$AAw?$AAi?$AAn?$AAd?$AAo?$AAw?$AAs?$AAt?$AAa?$AAt?$AAi?$AAo?$AAn?$AA?9@ 000000018000fdf0     libucrt:winapi_thunks.obj
 0002:00001e40       ??_C@_1BC@DNHGCMLG@?$AAa?$AAd?$AAv?$AAa?$AAp?$AAi?$AA3?$AA2?$AA?$AA@ 000000018000fe40     libucrt:winapi_thunks.obj
 0002:00001e58       ??_C@_1BC@GDMECMAK@?$AAk?$AAe?$AAr?$AAn?$AAe?$AAl?$AA3?$AA2?$AA?$AA@ 000000018000fe58     libucrt:winapi_thunks.obj
 0002:00001e70       ??_C@_1M@OAIMIKLP@?$AAn?$AAt?$AAd?$AAl?$AAl?$AA?$AA@ 000000018000fe70     libucrt:winapi_thunks.obj
 0002:00001e80       ??_C@_1EG@DPGNFKGC@?$AAa?$AAp?$AAi?$AA?9?$AAm?$AAs?$AA?9?$AAw?$AAi?$AAn?$AA?9?$AAa?$AAp?$AAp?$AAm?$AAo?$AAd?$AAe?$AAl?$AA?9?$AAr?$AAu?$AAn?$AAt?$AAi?$AAm?$AAe?$AA?9?$AAl?$AA1?$AA?9?$AA1@ 000000018000fe80     libucrt:winapi_thunks.obj
 0002:00001ec8       ??_C@_1O@BCCLBEOE@?$AAu?$AAs?$AAe?$AAr?$AA3?$AA2?$AA?$AA@ 000000018000fec8     libucrt:winapi_thunks.obj
 0002:00001ed8       ??_C@_1BA@PFFKHIOG@?$AAa?$AAp?$AAi?$AA?9?$AAm?$AAs?$AA?9?$AA?$AA@ 000000018000fed8     libucrt:winapi_thunks.obj
 0002:00001ee8       ??_C@_1BA@IAIFMGEF@?$AAe?$AAx?$AAt?$AA?9?$AAm?$AAs?$AA?9?$AA?$AA@ 000000018000fee8     libucrt:winapi_thunks.obj
 0002:00001f00       ??_C@_0BA@FHFNEAED@AreFileApisANSI?$AA@ 000000018000ff00     libucrt:winapi_thunks.obj
 0002:00001f18       ??_C@_08KNHFBNJ@FlsAlloc?$AA@ 000000018000ff18     libucrt:winapi_thunks.obj
 0002:00001f30       ??_C@_07PEJMOBNF@FlsFree?$AA@ 000000018000ff30     libucrt:winapi_thunks.obj
 0002:00001f40       ??_C@_0M@GDNOONDI@FlsGetValue?$AA@ 000000018000ff40     libucrt:winapi_thunks.obj
 0002:00001f58       ??_C@_0M@JCPCPOEF@FlsSetValue?$AA@ 000000018000ff58     libucrt:winapi_thunks.obj
 0002:00001f70       ??_C@_0BM@HCFOFFN@InitializeCriticalSectionEx?$AA@ 000000018000ff70     libucrt:winapi_thunks.obj
 0002:00001f98       ??_C@_0O@KKBNKAPF@LCMapStringEx?$AA@ 000000018000ff98     libucrt:winapi_thunks.obj
 0002:00001fb0       ??_C@_0BB@HBDEELFH@LocaleNameToLCID?$AA@ 000000018000ffb0     libucrt:winapi_thunks.obj
 0002:00001fc8       ??_C@_0CF@OJOFEIGO@AppPolicyGetProcessTerminationMe@ 000000018000ffc8     libucrt:winapi_thunks.obj
 0002:00001ff0       __newctype                 000000018000fff0     libucrt:ctype.obj
 0002:000022f0       __newclmap                 00000001800102f0     libucrt:ctype.obj
 0002:00002470       __newcumap                 0000000180010470     libucrt:ctype.obj
 0002:000025f0       ??_C@_15PJPFLCCM@?$AAu?$AAk?$AA?$AA@ 00000001800105f0     libucrt:get_qualified_locale.obj
 0002:00003440       ??_C@_15EMKDOKLE@?$AAa?$AAr?$AA?$AA@ 0000000180011440     libucrt:lcidtoname_downlevel.obj
 0002:00003448       ??_C@_15KNPADPLH@?$AAb?$AAg?$AA?$AA@ 0000000180011448     libucrt:lcidtoname_downlevel.obj
 0002:00003450       ??_C@_15EDMHLDMO@?$AAc?$AAa?$AA?$AA@ 0000000180011450     libucrt:lcidtoname_downlevel.obj
 0002:00003458       ??_C@_1O@BPEAJADD@?$AAz?$AAh?$AA?9?$AAC?$AAH?$AAS?$AA?$AA@ 0000000180011458     libucrt:lcidtoname_downlevel.obj
 0002:00003468       ??_C@_15LJNHCMNK@?$AAc?$AAs?$AA?$AA@ 0000000180011468     libucrt:lcidtoname_downlevel.obj
 0002:00003470       ??_C@_15FOMCIDHG@?$AAd?$AAa?$AA?$AA@ 0000000180011470     libucrt:lcidtoname_downlevel.obj
 0002:00003478       ??_C@_15NBKABECB@?$AAd?$AAe?$AA?$AA@ 0000000180011478     libucrt:lcidtoname_downlevel.obj
 0002:00003480       ??_C@_15GHPEIIAO@?$AAe?$AAl?$AA?$AA@ 0000000180011480     libucrt:lcidtoname_downlevel.obj
 0002:00003488       ??_C@_15MNPNEAIF@?$AAe?$AAn?$AA?$AA@ 0000000180011488     libucrt:lcidtoname_downlevel.obj
 0002:00003490       ??_C@_15GPIOMPMH@?$AAe?$AAs?$AA?$AA@ 0000000180011490     libucrt:lcidtoname_downlevel.obj
 0002:00003498       ??_C@_15NGLOAKJC@?$AAf?$AAi?$AA?$AA@ 0000000180011498     libucrt:lcidtoname_downlevel.obj
 0002:000034a0       ??_C@_15FBKGNKAM@?$AAf?$AAr?$AA?$AA@ 00000001800114a0     libucrt:lcidtoname_downlevel.obj
 0002:000034a8       ??_C@_15KGGCNEFK@?$AAh?$AAe?$AA?$AA@ 00000001800114a8     libucrt:lcidtoname_downlevel.obj
 0002:000034b0       ??_C@_15PGHLIDMF@?$AAh?$AAu?$AA?$AA@ 00000001800114b0     libucrt:lcidtoname_downlevel.obj
 0002:000034b8       ??_C@_15BIEMAPLM@?$AAi?$AAs?$AA?$AA@ 00000001800114b8     libucrt:lcidtoname_downlevel.obj
 0002:000034c0       ??_C@_15IFJLDHAF@?$AAi?$AAt?$AA?$AA@ 00000001800114c0     libucrt:lcidtoname_downlevel.obj
 0002:000034c8       ??_C@_15GEMIOCAG@?$AAj?$AAa?$AA?$AA@ 00000001800114c8     libucrt:lcidtoname_downlevel.obj
 0002:000034d0       ??_C@_15EPELEGJA@?$AAk?$AAo?$AA?$AA@ 00000001800114d0     libucrt:lcidtoname_downlevel.obj
 0002:000034d8       ??_C@_15NDDHIMN@?$AAn?$AAl?$AA?$AA@ 00000001800114d8     libucrt:lcidtoname_downlevel.obj
 0002:000034e0       ??_C@_15BPIGNHCD@?$AAn?$AAo?$AA?$AA@ 00000001800114e0     libucrt:lcidtoname_downlevel.obj
 0002:000034e8       ??_C@_15DEOPBLCG@?$AAp?$AAl?$AA?$AA@ 00000001800114e8     libucrt:lcidtoname_downlevel.obj
 0002:000034f0       ??_C@_15KBECGEFG@?$AAp?$AAt?$AA?$AA@ 00000001800114f0     libucrt:lcidtoname_downlevel.obj
 0002:000034f8       ??_C@_15GLJCBFMD@?$AAr?$AAo?$AA?$AA@ 00000001800114f8     libucrt:lcidtoname_downlevel.obj
 0002:00003500       ??_C@_15FEDGKCDI@?$AAr?$AAu?$AA?$AA@ 0000000180011500     libucrt:lcidtoname_downlevel.obj
 0002:00003508       ??_C@_15GLKMLLHM@?$AAh?$AAr?$AA?$AA@ 0000000180011508     libucrt:lcidtoname_downlevel.obj
 0002:00003510       ??_C@_15CPKMFBDB@?$AAs?$AAk?$AA?$AA@ 0000000180011510     libucrt:lcidtoname_downlevel.obj
 0002:00003518       ??_C@_15BAAIOGMK@?$AAs?$AAq?$AA?$AA@ 0000000180011518     libucrt:lcidtoname_downlevel.obj
 0002:00003520       ??_C@_15INNPNOHD@?$AAs?$AAv?$AA?$AA@ 0000000180011520     libucrt:lcidtoname_downlevel.obj
 0002:00003528       ??_C@_15CABMMOGH@?$AAt?$AAh?$AA?$AA@ 0000000180011528     libucrt:lcidtoname_downlevel.obj
 0002:00003530       ??_C@_15BPLIHJJM@?$AAt?$AAr?$AA?$AA@ 0000000180011530     libucrt:lcidtoname_downlevel.obj
 0002:00003538       ??_C@_15NEOEKKDJ@?$AAu?$AAr?$AA?$AA@ 0000000180011538     libucrt:lcidtoname_downlevel.obj
 0002:00003540       ??_C@_15NFICGAJK@?$AAi?$AAd?$AA?$AA@ 0000000180011540     libucrt:lcidtoname_downlevel.obj
 0002:00003548       ??_C@_15HPJPHDM@?$AAb?$AAe?$AA?$AA@ 0000000180011548     libucrt:lcidtoname_downlevel.obj
 0002:00003550       ??_C@_15LCHLGJII@?$AAs?$AAl?$AA?$AA@ 0000000180011550     libucrt:lcidtoname_downlevel.obj
 0002:00003558       ??_C@_15PCFJPHHO@?$AAe?$AAt?$AA?$AA@ 0000000180011558     libucrt:lcidtoname_downlevel.obj
 0002:00003560       ??_C@_15HPFPGODN@?$AAl?$AAv?$AA?$AA@ 0000000180011560     libucrt:lcidtoname_downlevel.obj
 0002:00003568       ??_C@_15NFFGKGLG@?$AAl?$AAt?$AA?$AA@ 0000000180011568     libucrt:lcidtoname_downlevel.obj
 0002:00003570       ??_C@_15BDAKCCHN@?$AAf?$AAa?$AA?$AA@ 0000000180011570     libucrt:lcidtoname_downlevel.obj
 0002:00003578       ??_C@_15NFGIAIAJ@?$AAv?$AAi?$AA?$AA@ 0000000180011578     libucrt:lcidtoname_downlevel.obj
 0002:00003580       ??_C@_15LMKNDMHN@?$AAh?$AAy?$AA?$AA@ 0000000180011580     libucrt:lcidtoname_downlevel.obj
 0002:00003588       ??_C@_15IJBHMCFL@?$AAa?$AAz?$AA?$AA@ 0000000180011588     libucrt:lcidtoname_downlevel.obj
 0002:00003590       ??_C@_15EKOFJABL@?$AAe?$AAu?$AA?$AA@ 0000000180011590     libucrt:lcidtoname_downlevel.obj
 0002:00003598       ??_C@_15BGHADCNK@?$AAm?$AAk?$AA?$AA@ 0000000180011598     libucrt:lcidtoname_downlevel.obj
 0002:000035a0       ??_C@_15JDNICKHM@?$AAa?$AAf?$AA?$AA@ 00000001800115a0     libucrt:lcidtoname_downlevel.obj
 0002:000035a8       ??_C@_15KPJEDBKD@?$AAk?$AAa?$AA?$AA@ 00000001800115a8     libucrt:lcidtoname_downlevel.obj
 0002:000035b0       ??_C@_15PDNFFFEO@?$AAf?$AAo?$AA?$AA@ 00000001800115b0     libucrt:lcidtoname_downlevel.obj
 0002:000035b8       ??_C@_15OMLEGLOC@?$AAh?$AAi?$AA?$AA@ 00000001800115b8     libucrt:lcidtoname_downlevel.obj
 0002:000035c0       ??_C@_15IDNNENKK@?$AAm?$AAs?$AA?$AA@ 00000001800115c0     libucrt:lcidtoname_downlevel.obj
 0002:000035c8       ??_C@_15MACJNBMH@?$AAk?$AAk?$AA?$AA@ 00000001800115c8     libucrt:lcidtoname_downlevel.obj
 0002:000035d0       ??_C@_15DKDJEOND@?$AAk?$AAy?$AA?$AA@ 00000001800115d0     libucrt:lcidtoname_downlevel.obj
 0002:000035d8       ??_C@_15DFGDLJBG@?$AAs?$AAw?$AA?$AA@ 00000001800115d8     libucrt:lcidtoname_downlevel.obj
 0002:000035e0       ??_C@_15BBFAICNG@?$AAu?$AAz?$AA?$AA@ 00000001800115e0     libucrt:lcidtoname_downlevel.obj
 0002:000035e8       ??_C@_15DKNDCGEA@?$AAt?$AAt?$AA?$AA@ 00000001800115e8     libucrt:lcidtoname_downlevel.obj
 0002:000035f0       ??_C@_15MGIFMDPL@?$AAp?$AAa?$AA?$AA@ 00000001800115f0     libucrt:lcidtoname_downlevel.obj
 0002:000035f8       ??_C@_15HCNDBBA@?$AAg?$AAu?$AA?$AA@ 00000001800115f8     libucrt:lcidtoname_downlevel.obj
 0002:00003600       ??_C@_15FNBEIBON@?$AAt?$AAa?$AA?$AA@ 0000000180011600     libucrt:lcidtoname_downlevel.obj
 0002:00003608       ??_C@_15NCHGBGLK@?$AAt?$AAe?$AA?$AA@ 0000000180011608     libucrt:lcidtoname_downlevel.obj
 0002:00003610       ??_C@_15PHPHCBPF@?$AAk?$AAn?$AA?$AA@ 0000000180011610     libucrt:lcidtoname_downlevel.obj
 0002:00003618       ??_C@_15DLGBCKMP@?$AAm?$AAr?$AA?$AA@ 0000000180011618     libucrt:lcidtoname_downlevel.obj
 0002:00003620       ??_C@_15EABBLBFF@?$AAs?$AAa?$AA?$AA@ 0000000180011620     libucrt:lcidtoname_downlevel.obj
 0002:00003628       ??_C@_15CBKOMCOI@?$AAm?$AAn?$AA?$AA@ 0000000180011628     libucrt:lcidtoname_downlevel.obj
 0002:00003630       ??_C@_15CKDMCJAF@?$AAg?$AAl?$AA?$AA@ 0000000180011630     libucrt:lcidtoname_downlevel.obj
[...]
 0004:00000870       $pdata$_recalloc_base      000000018001a870     libucrt:recalloc.obj
 0004:0000087c       $pdata$?try_get_function@@YAPEAXW4function_id@?A0x391cf84c@@QEBDQEBW4module_id@2@2@Z 000000018001a87c     libucrt:winapi_thunks.obj
 0004:00000888       $pdata$__acrt_AppPolicyGetProcessTerminationMethodInternal 000000018001a888     libucrt:winapi_thunks.obj
 0004:00000894       $pdata$__acrt_AreFileApisANSI 000000018001a894     libucrt:winapi_thunks.obj
 0004:000008a0       $pdata$__acrt_FlsAlloc     000000018001a8a0     libucrt:winapi_thunks.obj
 0004:000008ac       $pdata$__acrt_FlsFree      000000018001a8ac     libucrt:winapi_thunks.obj
 0004:000008b8       $pdata$__acrt_FlsGetValue  000000018001a8b8     libucrt:winapi_thunks.obj
 0004:000008c4       $pdata$__acrt_FlsSetValue  000000018001a8c4     libucrt:winapi_thunks.obj
 0004:000008d0       $pdata$__acrt_InitializeCriticalSectionEx 000000018001a8d0     libucrt:winapi_thunks.obj
 0004:000008dc       $pdata$__acrt_LCMapStringEx 000000018001a8dc     libucrt:winapi_thunks.obj
 0004:000008e8       $pdata$__acrt_LocaleNameToLCID 000000018001a8e8     libucrt:winapi_thunks.obj
 0004:000008f4       $pdata$__acrt_initialize_winapi_thunks 000000018001a8f4     libucrt:winapi_thunks.obj
 0004:00000900       $pdata$__acrt_uninitialize_winapi_thunks 000000018001a900     libucrt:winapi_thunks.obj
 0004:0000090c       $pdata$__acrt_initialize_heap 000000018001a90c     libucrt:heap_handle.obj
 0004:00000918       $pdata$?initialize_inherited_file_handles_nolock@@YAXXZ 000000018001a918     libucrt:ioinit.obj
 0004:00000924       $pdata$?initialize_stdio_handles_nolock@@YAXXZ 000000018001a924     libucrt:ioinit.obj
 0004:00000930       $pdata$__acrt_initialize_lowio 000000018001a930     libucrt:ioinit.obj
 0004:0000093c       $pdata$__acrt_uninitialize_lowio 000000018001a93c     libucrt:ioinit.obj
 0004:00000948       $pdata$__acrt_execute_initializers 000000018001a948     libucrt:shared_initialization.obj
 0004:00000954       $pdata$__acrt_execute_uninitializers 000000018001a954     libucrt:shared_initialization.obj
 0004:00000960       $pdata$??$?RV<lambda_450d765d439847d4c735a33c368b5fc0>@@AEAV<lambda_44731a7d0e6d81c3e6aa82d741081786>@@V<lambda_601a2a7da3b7a96e9554ac7215c4b07c>@@@?$__crt_seh_guarded_call@P6AXH@Z@@QEAAP6AXH@Z$$QEAV<lambda_450d765d439847d4c735a33c368b5fc0>@@AEAV<lambda_44731a7d0e6d81c3e6aa82d741081786>@@$$QEAV<lambda_601a2a7da3b7a96e9554ac7215c4b07c>@@@Z 000000018001a960     libucrt:signal.obj
 0004:0000096c       $pdata$__acrt_get_sigabrt_handler 000000018001a96c     libucrt:signal.obj
 0004:00000978       $pdata$raise               000000018001a978     libucrt:signal.obj
 0004:00000984       $pdata$??$?RV<lambda_842d9ff0dc9ef11c61343bbaebe7f885>@@AEAV<lambda_c5860995281e5c4ce005b3de8f5874ee>@@V<lambda_d90129c13df834fdcbf8d2b88dafcf2d>@@@?$__crt_seh_guarded_call@X@@QEAAX$$QEAV<lambda_842d9ff0dc9ef11c61343bbaebe7f885>@@AEAV<lambda_c5860995281e5c4ce005b3de8f5874ee>@@$$QEAV<lambda_d90129c13df834fdcbf8d2b88dafcf2d>@@@Z 000000018001a984     libucrt:fflush.obj
 0004:00000990       $pdata$??$?RV<lambda_886d6c58226a84441f68b9f2b8217b83>@@AEAV<lambda_ab61a845afdef5b7c387490eaf3616ee>@@V<lambda_f7f22ab5edc0698d5f6905b0d3f44752>@@@?$__crt_seh_guarded_call@X@@QEAAX$$QEAV<lambda_886d6c58226a84441f68b9f2b8217b83>@@AEAV<lambda_ab61a845afdef5b7c387490eaf3616ee>@@$$QEAV<lambda_f7f22ab5edc0698d5f6905b0d3f44752>@@@Z 000000018001a990     libucrt:fflush.obj
 0004:0000099c       $pdata$?common_flush_all@@YAH_N@Z 000000018001a99c     libucrt:fflush.obj
 0004:000009a8       $pdata$__acrt_stdio_flush_nolock 000000018001a9a8     libucrt:fflush.obj
 0004:000009b4       $pdata$_fflush_nolock      000000018001a9b4     libucrt:fflush.obj
 0004:000009c0       $pdata$__acrt_initialize_stdio 000000018001a9c0     libucrt:_file.obj
 0004:000009cc       $pdata$__acrt_uninitialize_stdio 000000018001a9cc     libucrt:_file.obj
 0004:000009d8       $pdata$_mbtowc_l           000000018001a9d8     libucrt:mbtowc.obj
 0004:000009e4       $pdata$_fileno             000000018001a9e4     libucrt:fileno.obj
 0004:000009f0       $pdata$__pctype_func       000000018001a9f0     libucrt:ctype.obj
 0004:000009fc       $pdata$_isctype_l          000000018001a9fc     libucrt:isctype.obj
 0004:00000a08       $pdata$_isleadbyte_l       000000018001aa08     libucrt:_wctype.obj
 0004:00000a14       $pdata$?__acrt_LCMapStringA_stat@@YAHPEAU__crt_locale_pointers@@PEB_WKPEBDHPEADHHH@Z 000000018001aa14     libucrt:lcmapstringa.obj
 0004:00000a20       $pdata$__acrt_LCMapStringA 000000018001aa20     libucrt:lcmapstringa.obj
 0004:00000a2c       $pdata$__acrt_free_locale  000000018001aa2c     libucrt:locale_refcounting.obj
 0004:00000a38       $pdata$__acrt_locale_free_lc_time_if_unreferenced 000000018001aa38     libucrt:locale_refcounting.obj
 0004:00000a44       $pdata$__acrt_release_locale_ref 000000018001aa44     libucrt:locale_refcounting.obj
 0004:00000a50       $pdata$__acrt_update_thread_locale_data 000000018001aa50     libucrt:locale_refcounting.obj
 0004:00000a5c       $pdata$_updatetlocinfoEx_nolock 000000018001aa5c     libucrt:locale_refcounting.obj
 0004:00000a68       $pdata$__acrt_locale_free_monetary 000000018001aa68     libucrt:initmon.obj
 0004:00000a74       $pdata$__acrt_locale_free_numeric 000000018001aa74     libucrt:initnum.obj
 0004:00000a80       $pdata$?free_crt_array_internal@@YAXQEAPEBX_K@Z 000000018001aa80     libucrt:inittime.obj
 0004:00000a8c       $pdata$__acrt_locale_free_time 000000018001aa8c     libucrt:inittime.obj
 0004:00000a98       $pdata$__acrt_GetStringTypeA 000000018001aa98     libucrt:getstringtypea.obj
 0004:00000aa4       $pdata$qsort               000000018001aaa4     libucrt:qsort.obj
 0004:00000ab0       $pdata$4$qsort             000000018001aab0     libucrt:qsort.obj
 0004:00000abc       $pdata$5$qsort             000000018001aabc     libucrt:qsort.obj
 0004:00000ac8       $pdata$strncpy_s           000000018001aac8     libucrt:strncpy_s.obj
 0004:00000ad4       $pdata$fallbackMethod      000000018001aad4     libucrt:strpbrk.obj
 0004:00000ae0       $pdata$strpbrk             000000018001aae0     libucrt:strpbrk.obj
 0004:00000aec       $pdata$_mbsdec_l           000000018001aaec     libucrt:mbsdec.obj
 0004:00000af8       $pdata$?initialize_multibyte@@YAHXZ 000000018001aaf8     libucrt:multibyte_initializer.obj
 0004:00000b04       $pdata$_msize_base         000000018001ab04     libucrt:msize.obj
 0004:00000b10       $pdata$_realloc_base       000000018001ab10     libucrt:realloc_base.obj
 0004:00000b1c       $pdata$?GetTableIndexFromLocaleName@@YAHPEB_W@Z 000000018001ab1c     libucrt:lcidtoname_downlevel.obj
 0004:00000b28       $pdata$__acrt_DownlevelLocaleNameToLCID 000000018001ab28     libucrt:lcidtoname_downlevel.obj
 0004:00000b34       $pdata$__acrt_lowio_create_handle_array 000000018001ab34     libucrt:osfinfo.obj
 0004:00000b40       $pdata$__acrt_lowio_destroy_handle_array 000000018001ab40     libucrt:osfinfo.obj
 0004:00000b4c       $pdata$__acrt_lowio_ensure_fh_exists 000000018001ab4c     libucrt:osfinfo.obj
 0004:00000b58       $pdata$_free_osfhnd        000000018001ab58     libucrt:osfinfo.obj
 0004:00000b64       $pdata$_get_osfhandle      000000018001ab64     libucrt:osfinfo.obj
 0004:00000b70       $pdata$??$?RV<lambda_a37b2b86f63e897a80ea819b0eb08c01>@@AEAV<lambda_38ce7e780aa69e748d6df282ebc68efe>@@V<lambda_99fb1378e971ab6e7edea83e3a7a83a2>@@@?$__crt_seh_guarded_call@H@@QEAAH$$QEAV<lambda_a37b2b86f63e897a80ea819b0eb08c01>@@AEAV<lambda_38ce7e780aa69e748d6df282ebc68efe>@@$$QEAV<lambda_99fb1378e971ab6e7edea83e3a7a83a2>@@@Z 000000018001ab70     libucrt:commit.obj
 0004:00000b7c       $pdata$_commit             000000018001ab7c     libucrt:commit.obj
 0004:00000b88       $pdata$?write_double_translated_ansi_nolock@@YA?AUwrite_result@?A0x17268360@@HQEBDI@Z 000000018001ab88     libucrt:write.obj
 0004:00000b94       $pdata$?write_text_ansi_nolock@@YA?AUwrite_result@?A0x17268360@@HQEBDI@Z 000000018001ab94     libucrt:write.obj
 0004:00000ba0       $pdata$?write_text_utf16le_nolock@@YA?AUwrite_result@?A0x17268360@@HQEBDI@Z 000000018001aba0     libucrt:write.obj
 0004:00000bac       $pdata$?write_text_utf8_nolock@@YA?AUwrite_result@?A0x17268360@@HQEBDI@Z 000000018001abac     libucrt:write.obj
 0004:00000bb8       $pdata$_write              000000018001abb8     libucrt:write.obj
 0004:00000bc4       $pdata$_write_nolock       000000018001abc4     libucrt:write.obj
 0004:00000bd0       $pdata$_fcloseall          000000018001abd0     libucrt:closeall.obj
 0004:00000bdc       $pdata$__acrt_stdio_free_buffer_nolock 000000018001abdc     libucrt:_freebuf.obj
 0004:00000be8       $pdata$_isatty             000000018001abe8     libucrt:isatty.obj
 0004:00000bf4       $pdata$?__mbrtowc_utf8@__crt_mbstring@@YA_KPEA_WPEBD_KPEAU_Mbstatet@@@Z 000000018001abf4     libucrt:mbrtowc.obj
 0004:00000c00       $pdata$?__mbsrtowcs_utf8@__crt_mbstring@@YA_KPEA_WPEAPEBD_KPEAU_Mbstatet@@@Z 000000018001ac00     libucrt:mbrtowc.obj
 0004:00000c0c       $pdata$??$common_lseek_nolock@_J@@YA_JH_JH@Z 000000018001ac0c     libucrt:lseek.obj
 0004:00000c18       $pdata$_putwch_nolock      000000018001ac18     libucrt:putwch.obj
 0004:00000c24       $pdata$_fclose_nolock      000000018001ac24     libucrt:fclose.obj
 0004:00000c30       $pdata$fclose              000000018001ac30     libucrt:fclose.obj
 0004:00000c3c       $pdata$?__mbrtoc32_utf8@__crt_mbstring@@YA_KPEA_UPEBD_KPEAU_Mbstatet@@@Z 000000018001ac3c     libucrt:mbrtoc32.obj
 0004:00000c54       $pdata$__dcrt_lowio_ensure_console_output_initialized 000000018001ac54     libucrt:initcon.obj
 0004:00000c60       $pdata$__dcrt_terminate_console_output 000000018001ac60     libucrt:initcon.obj
 0004:00000c6c       $pdata$__dcrt_write_console 000000018001ac6c     libucrt:initcon.obj
 0004:00000c78       $pdata$??$?RV<lambda_751a882b2c74d4b022dec766aa51a29a>@@AEAV<lambda_628dfdc04ba53c8bfc02c9951375f3f5>@@V<lambda_f6c7be5f7998530c34de24c7437d6b54>@@@?$__crt_seh_guarded_call@H@@QEAAH$$QEAV<lambda_751a882b2c74d4b022dec766aa51a29a>@@AEAV<lambda_628dfdc04ba53c8bfc02c9951375f3f5>@@$$QEAV<lambda_f6c7be5f7998530c34de24c7437d6b54>@@@Z 000000018001ac78     libucrt:close.obj
 0004:00000c84       $pdata$_close              000000018001ac84     libucrt:close.obj
 0004:00000c90       $pdata$_close_nolock       000000018001ac90     libucrt:close.obj
 0004:00000c9c       $pdata$_call_matherr       000000018001ac9c     libucrt:libm_error.obj
 0004:00000ca8       $pdata$_exception_enabled  000000018001aca8     libucrt:libm_error.obj
 0004:00000cb4       $pdata$_handle_error       000000018001acb4     libucrt:libm_error.obj
 0004:00000cc0       $pdata$__acrt_initialize_fma3 000000018001acc0     libucrt:fma3_available.obj
 0004:00000ccc       $pdata$_log10_special      000000018001accc     libucrt:log_special.obj
 0004:00000cd8       $pdata$_log_special_common 000000018001acd8     libucrt:log_special.obj
 0004:00000cf0       $pdata$_raise_exc          000000018001acf0     libucrt:fpexcept.obj
 0004:00000cfc       $pdata$_raise_exc_ex       000000018001acfc     libucrt:fpexcept.obj
 0004:00000d08       $pdata$_set_errno_from_matherr 000000018001ad08     libucrt:fpexcept.obj
 0004:00000d14       $pdata$_clrfp              000000018001ad14     libucrt:fpctrl.obj
 0004:00000d20       $pdata$_ctrlfp             000000018001ad20     libucrt:fpctrl.obj
 0004:00000d2c       $pdata$_set_statfp         000000018001ad2c     libucrt:fpctrl.obj
 0004:00000d38       $pdata$_statfp             000000018001ad38     libucrt:fpctrl.obj
 0004:00000d44       $pdata$?DloadAcquireSectionWriteAccess@@YAXXZ 000000018001ad44     DelayImp:delayhlp.obj
 0004:00000d50       $pdata$?DloadGetSRWLockFunctionPointers@@YAEXZ 000000018001ad50     DelayImp:delayhlp.obj
 0004:00000d5c       $pdata$?DloadMakePermanentImageCommit@@YAXPEAX_K@Z 000000018001ad5c     DelayImp:delayhlp.obj
 0004:00000d68       $pdata$?DloadObtainSection@@YAPEAXPEAK0@Z 000000018001ad68     DelayImp:delayhlp.obj
 0004:00000d74       $pdata$?DloadProtectSection@@YAXKPEAK@Z 000000018001ad74     DelayImp:delayhlp.obj
 0004:00000d80       $pdata$?DloadReleaseSectionWriteAccess@@YAXXZ 000000018001ad80     DelayImp:delayhlp.obj
 0004:00000d8c       $pdata$__delayLoadHelper2  000000018001ad8c     DelayImp:delayhlp.obj
 0004:00000d98       $pdata$_IsNonwritableInCurrentImage 000000018001ad98     LIBCMT:pesect.obj
 0004:00000da4       $pdata$__GSHandlerCheck    000000018001ada4     LIBCMT:gshandler.obj
 0004:00000db0       $pdata$__GSHandlerCheckCommon 000000018001adb0     LIBCMT:gshandler.obj
 0004:00000de0       $pdata$?fin$0@?0??dllmain_crt_process_attach@@YAHQEAUHINSTANCE__@@QEAX@Z@4HA 000000018001ade0     LIBCMT:dll_dllmain.obj
 0004:00000dec       $pdata$?fin$0@?0??dllmain_crt_process_detach@@YAH_N@Z@4HA 000000018001adec     LIBCMT:dll_dllmain.obj
 0004:00000df8       $pdata$?filt$0@?0??dllmain_dispatch@@YAHQEAUHINSTANCE__@@KQEAX@Z@4HA 000000018001adf8     LIBCMT:dll_dllmain.obj
 0004:00000e04       $pdata$__scrt_is_nonwritable_in_current_image$filt$0 000000018001ae04     LIBCMT:utility.obj
 0004:00000e10       $pdata$__DestructExceptionObject$filt$0 000000018001ae10     libvcruntime:ehhelpers.obj
 0004:00000e1c       $pdata$_query_new_handler$fin$0 000000018001ae1c     libucrt:new_handler.obj
 0004:00000e28       $pdata$?fin$0@?0???$?RV<lambda_f2e299630e499de9f9a165e60fcd3db5>@@AEAV<lambda_2ae9d31cdba2644fcbeaf08da7c24588>@@V<lambda_40d01ff24d0e7b3814fdbdcee8eab3c7>@@@?$__crt_seh_guarded_call@X@@QEAAX$$QEAV<lambda_f2e299630e499de9f9a165e60fcd3db5>@@AEAV<lambda_2ae9d31cdba2644fcbeaf08da7c24588>@@$$QEAV<lambda_40d01ff24d0e7b3814fdbdcee8eab3c7>@@@Z@4HA 000000018001ae28     libucrt:per_thread_data.obj
 0004:00000e28       $pdata$?fin$0@?0???$?RV<lambda_7777bce6b2f8c936911f934f8298dc43>@@AEAV<lambda_f03950bc5685219e0bcd2087efbe011e>@@V<lambda_3883c3dff614d5e0c5f61bb1ac94921c>@@@?$__crt_seh_guarded_call@H@@QEAAH$$QEAV<lambda_7777bce6b2f8c936911f934f8298dc43>@@AEAV<lambda_f03950bc5685219e0bcd2087efbe011e>@@$$QEAV<lambda_3883c3dff614d5e0c5f61bb1ac94921c>@@@Z@4HA 000000018001ae28     libucrt:onexit.obj
 0004:00000e28       $pdata$?fin$0@?0???$?RV<lambda_aa87e3671a710a21b5dc78c0bdf72e11>@@AEAV<lambda_92619d2358a28f41a33ba319515a20b9>@@V<lambda_6992ecaafeb10aed2b74cb1fae11a551>@@@?$__crt_seh_guarded_call@X@@QEAAX$$QEAV<lambda_aa87e3671a710a21b5dc78c0bdf72e11>@@AEAV<lambda_92619d2358a28f41a33ba319515a20b9>@@$$QEAV<lambda_6992ecaafeb10aed2b74cb1fae11a551>@@@Z@4HA 000000018001ae28     libucrt:per_thread_data.obj
 0004:00000e28       $pdata$?fin$0@?0???$?RV<lambda_0ae27a3a962d80f24befdcbee591983d>@@AEAV<lambda_8d0ee55de4b1038c4002e0adecdf1839>@@V<lambda_dc504788e8f1664fe9b84e20bfb512f2>@@@?$__crt_seh_guarded_call@X@@QEAAX$$QEAV<lambda_0ae27a3a962d80f24befdcbee591983d>@@AEAV<lambda_8d0ee55de4b1038c4002e0adecdf1839>@@$$QEAV<lambda_dc504788e8f1664fe9b84e20bfb512f2>@@@Z@4HA 000000018001ae28     libucrt:per_thread_data.obj
 0004:00000e28       $pdata$?fin$0@?0???$?RV<lambda_d80eeec6fff315bfe5c115232f3240e3>@@AEAV<lambda_6e4b09c48022b2350581041d5f6b0c4c>@@V<lambda_2358e3775559c9db80273638284d5e45>@@@?$__crt_seh_guarded_call@X@@QEAAX$$QEAV<lambda_d80eeec6fff315bfe5c115232f3240e3>@@AEAV<lambda_6e4b09c48022b2350581041d5f6b0c4c>@@$$QEAV<lambda_2358e3775559c9db80273638284d5e45>@@@Z@4HA 000000018001ae28     libucrt:exit.obj
 0004:00000e28       $pdata$?fin$0@?0???$?RV<lambda_efdfa57d1f175319df784efa44bb7b81>@@AEAV<lambda_5f0a4c1567f8adc6734073e5d1e1b35c>@@V<lambda_2e8a7d3640ea6ccb4c2413664c2db6fd>@@@?$__crt_seh_guarded_call@X@@QEAAX$$QEAV<lambda_efdfa57d1f175319df784efa44bb7b81>@@AEAV<lambda_5f0a4c1567f8adc6734073e5d1e1b35c>@@$$QEAV<lambda_2e8a7d3640ea6ccb4c2413664c2db6fd>@@@Z@4HA 000000018001ae28     libucrt:mbctype.obj
 0004:00000e28       $pdata$?fin$0@?0???$?RV<lambda_450d765d439847d4c735a33c368b5fc0>@@AEAV<lambda_44731a7d0e6d81c3e6aa82d741081786>@@V<lambda_601a2a7da3b7a96e9554ac7215c4b07c>@@@?$__crt_seh_guarded_call@P6AXH@Z@@QEAAP6AXH@Z$$QEAV<lambda_450d765d439847d4c735a33c368b5fc0>@@AEAV<lambda_44731a7d0e6d81c3e6aa82d741081786>@@$$QEAV<lambda_601a2a7da3b7a96e9554ac7215c4b07c>@@@Z@4HA 000000018001ae28     libucrt:signal.obj
 0004:00000e28       $pdata$?fin$0@?0???$?RV<lambda_2d41944a1d46af3157314b8a01080d33>@@AEAV<lambda_8f455de75cd7d7f24b4096f044d8b9e6>@@V<lambda_aa500f224e6afead328df44964fe2772>@@@?$__crt_seh_guarded_call@X@@QEAAX$$QEAV<lambda_2d41944a1d46af3157314b8a01080d33>@@AEAV<lambda_8f455de75cd7d7f24b4096f044d8b9e6>@@$$QEAV<lambda_aa500f224e6afead328df44964fe2772>@@@Z@4HA 000000018001ae28     libucrt:per_thread_data.obj
 0004:00000e34       $pdata$?filt$0@?0???R<lambda_6e4b09c48022b2350581041d5f6b0c4c>@@QEBA@XZ@4HA 000000018001ae34     libucrt:exit.obj
 0004:00000e40       $pdata$?fin$0@?0???$?RV<lambda_410d79af7f07d98d83a3f525b3859a53>@@AEAV<lambda_3e16ef9562a7dcce91392c22ab16ea36>@@V<lambda_38119f0e861e05405d8a144b9b982f0a>@@@?$__crt_seh_guarded_call@X@@QEAAX$$QEAV<lambda_410d79af7f07d98d83a3f525b3859a53>@@AEAV<lambda_3e16ef9562a7dcce91392c22ab16ea36>@@$$QEAV<lambda_38119f0e861e05405d8a144b9b982f0a>@@@Z@4HA 000000018001ae40     libucrt:wsetlocale.obj
 0004:00000e4c       $pdata$?fin$0@?0??update_thread_multibyte_data_internal@@YAPEAU__crt_multibyte_data@@QEAU__acrt_ptd@@QEAPEAU1@@Z@4HA 000000018001ae4c     libucrt:mbctype.obj
 0004:00000e58       $pdata$__acrt_lowio_ensure_fh_exists$fin$0 000000018001ae58     libucrt:osfinfo.obj
 0004:00000e58       $pdata$__acrt_initialize_lowio$fin$0 000000018001ae58     libucrt:ioinit.obj
 0004:00000e64       $pdata$raise$fin$0         000000018001ae64     libucrt:signal.obj
 0004:00000e70       $pdata$?fin$0@?0???$?RV<lambda_842d9ff0dc9ef11c61343bbaebe7f885>@@AEAV<lambda_c5860995281e5c4ce005b3de8f5874ee>@@V<lambda_d90129c13df834fdcbf8d2b88dafcf2d>@@@?$__crt_seh_guarded_call@X@@QEAAX$$QEAV<lambda_842d9ff0dc9ef11c61343bbaebe7f885>@@AEAV<lambda_c5860995281e5c4ce005b3de8f5874ee>@@$$QEAV<lambda_d90129c13df834fdcbf8d2b88dafcf2d>@@@Z@4HA 000000018001ae70     libucrt:fflush.obj
 0004:00000e7c       $pdata$?fin$0@?0???$?RV<lambda_886d6c58226a84441f68b9f2b8217b83>@@AEAV<lambda_ab61a845afdef5b7c387490eaf3616ee>@@V<lambda_f7f22ab5edc0698d5f6905b0d3f44752>@@@?$__crt_seh_guarded_call@X@@QEAAX$$QEAV<lambda_886d6c58226a84441f68b9f2b8217b83>@@AEAV<lambda_ab61a845afdef5b7c387490eaf3616ee>@@$$QEAV<lambda_f7f22ab5edc0698d5f6905b0d3f44752>@@@Z@4HA 000000018001ae7c     libucrt:fflush.obj
 0004:00000e88       $pdata$__acrt_update_thread_locale_data$fin$0 000000018001ae88     libucrt:locale_refcounting.obj
 0004:00000e94       $pdata$?fin$0@?0???$?RV<lambda_751a882b2c74d4b022dec766aa51a29a>@@AEAV<lambda_628dfdc04ba53c8bfc02c9951375f3f5>@@V<lambda_f6c7be5f7998530c34de24c7437d6b54>@@@?$__crt_seh_guarded_call@H@@QEAAH$$QEAV<lambda_751a882b2c74d4b022dec766aa51a29a>@@AEAV<lambda_628dfdc04ba53c8bfc02c9951375f3f5>@@$$QEAV<lambda_f6c7be5f7998530c34de24c7437d6b54>@@@Z@4HA 000000018001ae94     libucrt:close.obj
 0004:00000e94       $pdata$?fin$0@?0???$?RV<lambda_a37b2b86f63e897a80ea819b0eb08c01>@@AEAV<lambda_38ce7e780aa69e748d6df282ebc68efe>@@V<lambda_99fb1378e971ab6e7edea83e3a7a83a2>@@@?$__crt_seh_guarded_call@H@@QEAAH$$QEAV<lambda_a37b2b86f63e897a80ea819b0eb08c01>@@AEAV<lambda_38ce7e780aa69e748d6df282ebc68efe>@@$$QEAV<lambda_99fb1378e971ab6e7edea83e3a7a83a2>@@@Z@4HA 000000018001ae94     libucrt:commit.obj
 0004:00000ea0       $pdata$_write$fin$0        000000018001aea0     libucrt:write.obj
 0004:00000eac       $pdata$_fcloseall$fin$0    000000018001aeac     libucrt:closeall.obj
 0004:00000eb8       $pdata$fclose$fin$0        000000018001aeb8     libucrt:fclose.obj
 0004:00000ec4       $pdata$_ctrlfp$filt$0      000000018001aec4     libucrt:fpctrl.obj
 0004:00000ed0       $pdata$_IsNonwritableInCurrentImage$filt$0 000000018001aed0     LIBCMT:pesect.obj
 0005:00000060       $R000000                   000000018001b060     * linker generated manifest res *

 Exports

  ordinal    name

        1    _register_demo_addon_
